******************************************************************************
                  TI ARM Linker PC v20.2.5                     
******************************************************************************
>> Linked Wed Mar 30 16:58:24 2022

OUTPUT FILE NAME:   <freertos_demo.out>
ENTRY POINT SYMBOL: "_c_int00_noargs"  address: 00001d11


MEMORY CONFIGURATION

         name            origin    length      used     unused   attr    fill
----------------------  --------  ---------  --------  --------  ----  --------
  FLASH                 00000000   00040000  000020ba  0003df46  R  X
  SRAM                  20000000   00008000  000079e4  0000061c  RW X


SEGMENT ALLOCATION MAP

run origin  load origin   length   init length attrs members
----------  ----------- ---------- ----------- ----- -------
00000000    00000000    000020c0   000020c0    r-x
  00000000    00000000    0000026c   0000026c    r-- .intvecs
  0000026c    0000026c    00001dea   00001dea    r-x .text
  00002058    00002058    0000001c   0000001c    r-- .const
  00002078    00002078    00000048   00000048    r-- .cinit
20000000    20000000    000079e8   00000000    rw-
  20000000    20000000    00007774   00000000    rw- .bss
  20007778    20007778    00000200   00000000    rw- .stack
  20007978    20007978    00000070   00000000    rw- .data


SECTION ALLOCATION MAP

 output                                  attributes/
section   page    origin      length       input sections
--------  ----  ----------  ----------   ----------------
.intvecs   0    00000000    0000026c     
                  00000000    0000026c     startup_ccs.obj (.intvecs)

.text      0    0000026c    00001dea     
                  0000026c    000001ee     uartstdio.obj (.text:UARTvprintf)
                  0000045a    00000002     startup_ccs.obj (.text:FaultISR)
                  0000045c    00000198     freertos_demo.obj (.text:main)
                  000005f4    00000118     queue.obj (.text:xQueueGenericReceive)
                  0000070c    00000104     tasks.obj (.text:xTaskIncrementTick)
                  00000810    00000100     tasks.obj (.text:xTaskGenericCreate)
                  00000910    000000e8     queue.obj (.text:xQueueGenericSend)
                  000009f8    000000e4     tasks.obj (.text:xTaskResumeAll)
                  00000adc    000000d2     portasm.obj (.text)
                  00000bae    00000002     startup_ccs.obj (.text:IntDefaultHandler)
                  00000bb0    000000b0     freertos_demo.obj (.text:task2)
                  00000c60    000000ac     heap_2.obj (.text:pvPortMalloc)
                  00000d0c    000000ac     freertos_demo.obj (.text:task1)
                  00000db8    000000a4     timers.obj (.text:prvProcessReceivedCommands)
                  00000e5c    0000009c     rtsv7M4_T_le_v4SPD16_eabi.lib : memcpy_t2.asm.obj (.text)
                  00000ef8    00000090     tasks.obj (.text:vTaskPriorityInherit)
                  00000f88    0000008c     tasks.obj (.text:vTaskSwitchContext)
                  00001014    00000084     queue.obj (.text:xQueueGenericReset)
                  00001098    0000007a     rtsv7M4_T_le_v4SPD16_eabi.lib : memset_t2.asm.obj (.text)
                  00001112    00000002     startup_ccs.obj (.text:NmiSR)
                  00001114    00000078     tasks.obj (.text:xTaskPriorityDisinherit)
                  0000118c    00000074     tasks.obj (.text:xTaskRemoveFromEventList)
                  00001200    00000072     queue.obj (.text:prvCopyDataToQueue)
                  00001272    00000002     freertos_demo.obj (.text:myTimerCallback)
                  00001274    00000070     timers.obj (.text:prvProcessTimerOrBlockTask)
                  000012e4    0000006c     freertos_demo.obj (.text:FIB_TEST)
                  00001350    00000068     rtsv7M4_T_le_v4SPD16_eabi.lib : copy_decompress_lzss.c.obj (.text:decompress:lzss:__TI_decompress_lzss)
                  000013b8    00000068     tasks.obj (.text:vTaskPlaceOnEventListRestricted)
                  00001420    00000068     tasks.obj (.text:vTaskStartScheduler)
                  00001488    00000064     freertos_demo.obj (.text:ConfigureUART)
                  000014ec    00000064     tasks.obj (.text:vTaskPlaceOnEventList)
                  00001550    00000062     queue.obj (.text:prvUnlockQueue)
                  000015b2    00000002     rtsv7M4_T_le_v4SPD16_eabi.lib : div0.asm.obj (.text)
                  000015b4    00000060     uartstdio.obj (.text:UARTStdioConfig)
                  00001614    00000060     tasks.obj (.text:prvInitialiseTaskLists)
                  00001674    00000060     timers.obj (.text:prvSwitchTimerLists)
                  000016d4    0000005c     timers.obj (.text:prvCheckForValidListAndQueue)
                  00001730    0000005c     tasks.obj (.text:vTaskDelay)
                  0000178c    0000005c     queue.obj (.text:xQueueGenericSendFromISR)
                  000017e8    00000058     tasks.obj (.text:prvCheckTasksWaitingTermination)
                  00001840    00000056     tasks.obj (.text:prvInitialiseTCBVariables)
                  00001896    00000002     freertos_demo.obj (.text:vApplicationStackOverflowHook)
                  00001898    00000054     tasks.obj (.text:xTaskCheckForTimeOut)
                  000018ec    0000004e     queue.obj (.text:xQueueCreateMutex)
                  0000193a    00000002     --HOLE-- [fill = 0]
                  0000193c    0000004c     tasks.obj (.text:prvAddCurrentTaskToDelayedList)
                  00001988    00000048     uartstdio.obj (.text:UARTwrite)
                  000019d0    00000048     timers.obj (.text:prvProcessExpiredTimer)
                  00001a18    00000044     rtsv7M4_T_le_v4SPD16_eabi.lib : autoinit.c.obj (.text:__TI_auto_init_nobinit_nopinit:__TI_auto_init_nobinit_nopinit)
                  00001a5c    00000044     timers.obj (.text:prvInsertTimerInActiveList)
                  00001aa0    00000044     heap_2.obj (.text:vPortFree)
                  00001ae4    00000044     timers.obj (.text:xTimerGenericCommand)
                  00001b28    00000040     rtsv7M4_T_le_v4SPD16_eabi.lib : u_divt2.asm.obj (.text)
                  00001b68    00000040     queue.obj (.text:vQueueWaitForMessageRestricted)
                  00001ba8    00000040     port.obj (.text:xPortStartScheduler)
                  00001be8    00000040     timers.obj (.text:xTimerCreateTimerTask)
                  00001c28    0000003c     queue.obj (.text:xQueueGenericCreate)
                  00001c64    0000003a     tasks.obj (.text:prvAllocateTCBAndStack)
                  00001c9e    0000003a     timers.obj (.text:xTimerCreate)
                  00001cd8    00000038     list.obj (.text:vListInsert)
                  00001d10    00000034     rtsv7M4_T_le_v4SPD16_eabi.lib : boot_cortex_m.c.obj (.text:_c_int00_noargs:_c_int00_noargs)
                  00001d44    00000030     heap_2.obj (.text:prvHeapInit)
                  00001d74    0000002c     port.obj (.text:xPortSysTickHandler)
                  00001da0    00000028     tasks.obj (.text:prvResetNextTaskUnblockTime)
                  00001dc8    00000028     timers.obj (.text:prvSampleTimeNow)
                  00001df0    00000028     port.obj (.text:pxPortInitialiseStack)
                  00001e18    00000026     queue.obj (.text:prvCopyDataFromQueue)
                  00001e3e    00000002     --HOLE-- [fill = 0]
                  00001e40    00000020     timers.obj (.text:prvGetNextExpireTime)
                  00001e60    00000020     list.obj (.text:uxListRemove)
                  00001e80    00000020     queue.obj (.text:vQueueAddToRegistry)
                  00001ea0    00000020     tasks.obj (.text:xTaskGetSchedulerState)
                  00001ec0    0000001c     queue.obj (.text:prvIsQueueFull)
                  00001edc    0000001c     port.obj (.text:vPortEnterCritical)
                  00001ef8    0000001a     uartstdio.obj (.text:UARTprintf)
                  00001f12    0000001a     queue.obj (.text:prvIsQueueEmpty)
                  00001f2c    00000018     tasks.obj (.text:pvTaskIncrementMutexHeldCount)
                  00001f44    00000018     list.obj (.text:vListInsertEnd)
                  00001f5c    00000018     port.obj (.text:vPortExitCritical)
                  00001f74    00000018     tasks.obj (.text:vTaskSetTimeOutState)
                  00001f8c    00000016     list.obj (.text:vListInitialise)
                  00001fa2    00000014     timers.obj (.text:prvTimerTask)
                  00001fb6    00000002     --HOLE-- [fill = 0]
                  00001fb8    00000014     port.obj (.text:vPortSetupTimerInterrupt)
                  00001fcc    00000012     tasks.obj (.text:prvDeleteTCB)
                  00001fde    00000010     port.obj (.text:prvTaskExitError)
                  00001fee    00000002     --HOLE-- [fill = 0]
                  00001ff0    00000010     tasks.obj (.text:vTaskSuspendAll)
                  00002000    0000000e     rtsv7M4_T_le_v4SPD16_eabi.lib : copy_decompress_none.c.obj (.text:decompress:none:__TI_decompress_none)
                  0000200e    0000000c                                   : copy_zero_init.c.obj (.text:decompress:ZI:__TI_zero_init)
                  0000201a    00000002     --HOLE-- [fill = 0]
                  0000201c    0000000c     tasks.obj (.text:vTaskMissedYield)
                  00002028    0000000c     tasks.obj (.text:xTaskGetTickCount)
                  00002034    00000008     tasks.obj (.text:prvIdleTask)
                  0000203c    00000006     startup_ccs.obj (.text:ResetISR)
                  00002042    00000006     driverlib.lib : uart.obj (.text:UARTClockSourceSet)
                  00002048    00000006     list.obj (.text:vListInitialiseItem)
                  0000204e    00000004     rtsv7M4_T_le_v4SPD16_eabi.lib : pre_init.c.obj (.text:_system_pre_init)
                  00002052    00000004                                   : exit.c.obj (.text:abort:abort)

.const     0    00002058    0000001c     
                  00002058    0000000c     uartstdio.obj (.const:g_ui32UARTBase)
                  00002064    0000000c     uartstdio.obj (.const:g_ui32UARTPeriph)
                  00002070    00000004     port.obj (.const)

.cinit     0    00002078    00000048     
                  00002078    0000001d     (.cinit..data.load) [load image, compression = lzss]
                  00002095    00000003     --HOLE-- [fill = 0]
                  00002098    0000000c     (__TI_handler_table)
                  000020a4    00000004     --HOLE-- [fill = 0]
                  000020a8    00000008     (.cinit..bss.load) [load image, compression = zero_init]
                  000020b0    00000010     (__TI_cinit_table)

.init_array 
*          0    00000000    00000000     UNINITIALIZED

.bss       0    20000000    00007774     UNINITIALIZED
                  20000000    00007530     heap_2.obj (.bss:ucHeap)
                  20007530    00000140     tasks.obj (.bss:pxReadyTasksLists)
                  20007670    00000050     (.common:xQueueRegistry)
                  200076c0    00000014     timers.obj (.bss:xActiveTimerList1)
                  200076d4    00000014     timers.obj (.bss:xActiveTimerList2)
                  200076e8    00000014     tasks.obj (.bss:xDelayedTaskList1)
                  200076fc    00000014     tasks.obj (.bss:xDelayedTaskList2)
                  20007710    00000014     tasks.obj (.bss:xPendingReadyList)
                  20007724    00000014     tasks.obj (.bss:xSuspendedTaskList)
                  20007738    00000014     tasks.obj (.bss:xTasksWaitingTermination)
                  2000774c    00000008     tasks.obj (.bss)
                  20007754    00000008     timers.obj (.bss)
                  2000775c    00000008     heap_2.obj (.bss:xEnd)
                  20007764    00000008     heap_2.obj (.bss:xStart)
                  2000776c    00000004     (.common:g_pUARTSemaphore)
                  20007770    00000004     (.common:xSemaphoreMutex)

.data      0    20007978    00000070     UNINITIALIZED
                  20007978    00000030     tasks.obj (.data)
                  200079a8    00000024     freertos_demo.obj (.data)
                  200079cc    00000008     heap_2.obj (.data)
                  200079d4    00000008     timers.obj (.data)
                  200079dc    00000005     uartstdio.obj (.data)
                  200079e1    00000003     --HOLE--
                  200079e4    00000004     port.obj (.data)

.stack     0    20007778    00000200     UNINITIALIZED
                  20007778    00000004     rtsv7M4_T_le_v4SPD16_eabi.lib : boot_cortex_m.c.obj (.stack)
                  2000777c    000001fc     --HOLE--

__llvm_prf_cnts 
*          0    20000000    00000000     UNINITIALIZED

MODULE SUMMARY

       Module                       code   ro data   rw data
       ------                       ----   -------   -------
    .\
       freertos_demo.obj            968    0         44     
       startup_ccs.obj              12     620       0      
    +--+----------------------------+------+---------+---------+
       Total:                       980    620       44     
                                                            
    .\third_party\FreeRTOS\Source\
       tasks.obj                    2338   0         476    
       queue.obj                    1274   0         80     
       timers.obj                   886    0         56     
       list.obj                     140    0         0      
    +--+----------------------------+------+---------+---------+
       Total:                       4638   0         612    
                                                            
    .\third_party\FreeRTOS\Source\portable\CCS\ARM_CM4F\
       port.obj                     236    4         4      
       portasm.obj                  210    0         0      
    +--+----------------------------+------+---------+---------+
       Total:                       446    4         4      
                                                            
    .\third_party\FreeRTOS\Source\portable\MemMang\
       heap_2.obj                   288    0         30024  
    +--+----------------------------+------+---------+---------+
       Total:                       288    0         30024  
                                                            
    .\utils\
       uartstdio.obj                688    24        5      
    +--+----------------------------+------+---------+---------+
       Total:                       688    24        5      
                                                            
    C:/ti/TivaWare_C_Series-2.1.4.178/driverlib/ccs/Debug/driverlib.lib
       uart.obj                     6      0         0      
    +--+----------------------------+------+---------+---------+
       Total:                       6      0         0      
                                                            
    C:\ti\ccs1110\ccs\tools\compiler\ti-cgt-arm_20.2.5.LTS\lib\rtsv7M4_T_le_v4SPD16_eabi.lib
       memcpy_t2.asm.obj            156    0         0      
       memset_t2.asm.obj            122    0         0      
       copy_decompress_lzss.c.obj   104    0         0      
       autoinit.c.obj               68     0         0      
       u_divt2.asm.obj              64     0         0      
       boot_cortex_m.c.obj          52     0         0      
       copy_decompress_none.c.obj   14     0         0      
       copy_zero_init.c.obj         12     0         0      
       exit.c.obj                   4      0         0      
       pre_init.c.obj               4      0         0      
       div0.asm.obj                 2      0         0      
    +--+----------------------------+------+---------+---------+
       Total:                       602    0         0      
                                                            
       Stack:                       0      0         512    
       Linker Generated:            0      65        0      
    +--+----------------------------+------+---------+---------+
       Grand Total:                 7648   713       31201  


LINKER GENERATED COPY TABLES

__TI_cinit_table @ 000020b0 records: 2, size/record: 8, table size: 16
	.data: load addr=00002078, load size=0000001d bytes, run addr=20007978, run size=00000070 bytes, compression=lzss
	.bss: load addr=000020a8, load size=00000008 bytes, run addr=20000000, run size=00007774 bytes, compression=zero_init


LINKER GENERATED HANDLER TABLE

__TI_handler_table @ 00002098 records: 3, size/record: 4, table size: 12
	index: 0, handler: __TI_decompress_lzss
	index: 1, handler: __TI_decompress_none
	index: 2, handler: __TI_zero_init


GLOBAL SYMBOLS: SORTED ALPHABETICALLY BY Name 

address   name                           
-------   ----                           
00002053  C$$EXIT                        
00001489  ConfigureUART                  
000012e5  FIB_TEST                       
0000203d  ResetISR                       
00002043  UARTClockSourceSet             
000015b5  UARTStdioConfig                
00001ef9  UARTprintf                     
0000026d  UARTvprintf                    
00001989  UARTwrite                      
20007978  __STACK_END                    
00000200  __STACK_SIZE                   
20007978  __STACK_TOP                    
000020b0  __TI_CINIT_Base                
000020c0  __TI_CINIT_Limit               
00002098  __TI_Handler_Table_Base        
000020a4  __TI_Handler_Table_Limit       
00001a19  __TI_auto_init_nobinit_nopinit 
00001351  __TI_decompress_lzss           
00002001  __TI_decompress_none           
ffffffff  __TI_pprof_out_hndl            
ffffffff  __TI_prof_data_size            
ffffffff  __TI_prof_data_start           
00000000  __TI_static_base__             
0000200f  __TI_zero_init                 
000015b3  __aeabi_idiv0                  
000015b3  __aeabi_ldiv0                  
00001099  __aeabi_memclr                 
00001099  __aeabi_memclr4                
00001099  __aeabi_memclr8                
00000e5d  __aeabi_memcpy                 
00000e5d  __aeabi_memcpy4                
00000e5d  __aeabi_memcpy8                
0000109b  __aeabi_memset                 
0000109b  __aeabi_memset4                
0000109b  __aeabi_memset8                
00001b29  __aeabi_uidiv                  
00001b29  __aeabi_uidivmod               
ffffffff  __binit__                      
ffffffff  __c_args__                     
UNDEFED   __mpu_init                     
20007778  __stack                        
20000000  __start___llvm_prf_cnts        
20000000  __stop___llvm_prf_cnts         
00001d11  _c_int00_noargs                
UNDEFED   _system_post_cinit             
0000204f  _system_pre_init               
00002053  abort                          
ffffffff  binit                          
200079b8  fib                            
200079bc  fib0                           
200079c0  fib1                           
2000776c  g_pUARTSemaphore               
00000000  g_pfnVectors                   
200079a8  idx                            
200079ac  jdx                            
0000045d  main                           
00000e5d  memcpy                         
000010a1  memset                         
00001273  myTimerCallback                
00000c61  pvPortMalloc                   
00001f2d  pvTaskIncrementMutexHeldCount  
20007978  pxCurrentTCB                   
00001df1  pxPortInitialiseStack          
200079b4  reqIterations                  
200079b0  seqIterations                  
200079c8  syncVariableFromTask1toTask2   
00002070  ulMaxSyscallInterruptPriority  
00000aed  ulPortGetIPSR                  
00001e61  uxListRemove                   
00001897  vApplicationStackOverflowHook  
00001f8d  vListInitialise                
00002049  vListInitialiseItem            
00001cd9  vListInsert                    
00001f45  vListInsertEnd                 
00000ba1  vPortEnableVFP                 
00001edd  vPortEnterCritical             
00001f5d  vPortExitCritical              
00001aa1  vPortFree                      
00000b65  vPortSVCHandler                
00001fb9  vPortSetupTimerInterrupt       
00000b85  vPortStartFirstTask            
00001e81  vQueueAddToRegistry            
00001b69  vQueueWaitForMessageRestricted 
00001731  vTaskDelay                     
0000201d  vTaskMissedYield               
000014ed  vTaskPlaceOnEventList          
000013b9  vTaskPlaceOnEventListRestricted
00000ef9  vTaskPriorityInherit           
00001f75  vTaskSetTimeOutState           
00001421  vTaskStartScheduler            
00001ff1  vTaskSuspendAll                
00000f89  vTaskSwitchContext             
00000b05  xPortPendSVHandler             
00001ba9  xPortStartScheduler            
00001d75  xPortSysTickHandler            
000018ed  xQueueCreateMutex              
00001c29  xQueueGenericCreate            
000005f5  xQueueGenericReceive           
00001015  xQueueGenericReset             
00000911  xQueueGenericSend              
0000178d  xQueueGenericSendFromISR       
20007670  xQueueRegistry                 
20007770  xSemaphoreMutex                
00001899  xTaskCheckForTimeOut           
00000811  xTaskGenericCreate             
00001ea1  xTaskGetSchedulerState         
00002029  xTaskGetTickCount              
0000070d  xTaskIncrementTick             
00001115  xTaskPriorityDisinherit        
0000118d  xTaskRemoveFromEventList       
000009f9  xTaskResumeAll                 
00001c9f  xTimerCreate                   
00001be9  xTimerCreateTimerTask          
00001ae5  xTimerGenericCommand           


GLOBAL SYMBOLS: SORTED BY Symbol Address 

address   name                           
-------   ----                           
00000000  __TI_static_base__             
00000000  g_pfnVectors                   
00000200  __STACK_SIZE                   
0000026d  UARTvprintf                    
0000045d  main                           
000005f5  xQueueGenericReceive           
0000070d  xTaskIncrementTick             
00000811  xTaskGenericCreate             
00000911  xQueueGenericSend              
000009f9  xTaskResumeAll                 
00000aed  ulPortGetIPSR                  
00000b05  xPortPendSVHandler             
00000b65  vPortSVCHandler                
00000b85  vPortStartFirstTask            
00000ba1  vPortEnableVFP                 
00000c61  pvPortMalloc                   
00000e5d  __aeabi_memcpy                 
00000e5d  __aeabi_memcpy4                
00000e5d  __aeabi_memcpy8                
00000e5d  memcpy                         
00000ef9  vTaskPriorityInherit           
00000f89  vTaskSwitchContext             
00001015  xQueueGenericReset             
00001099  __aeabi_memclr                 
00001099  __aeabi_memclr4                
00001099  __aeabi_memclr8                
0000109b  __aeabi_memset                 
0000109b  __aeabi_memset4                
0000109b  __aeabi_memset8                
000010a1  memset                         
00001115  xTaskPriorityDisinherit        
0000118d  xTaskRemoveFromEventList       
00001273  myTimerCallback                
000012e5  FIB_TEST                       
00001351  __TI_decompress_lzss           
000013b9  vTaskPlaceOnEventListRestricted
00001421  vTaskStartScheduler            
00001489  ConfigureUART                  
000014ed  vTaskPlaceOnEventList          
000015b3  __aeabi_idiv0                  
000015b3  __aeabi_ldiv0                  
000015b5  UARTStdioConfig                
00001731  vTaskDelay                     
0000178d  xQueueGenericSendFromISR       
00001897  vApplicationStackOverflowHook  
00001899  xTaskCheckForTimeOut           
000018ed  xQueueCreateMutex              
00001989  UARTwrite                      
00001a19  __TI_auto_init_nobinit_nopinit 
00001aa1  vPortFree                      
00001ae5  xTimerGenericCommand           
00001b29  __aeabi_uidiv                  
00001b29  __aeabi_uidivmod               
00001b69  vQueueWaitForMessageRestricted 
00001ba9  xPortStartScheduler            
00001be9  xTimerCreateTimerTask          
00001c29  xQueueGenericCreate            
00001c9f  xTimerCreate                   
00001cd9  vListInsert                    
00001d11  _c_int00_noargs                
00001d75  xPortSysTickHandler            
00001df1  pxPortInitialiseStack          
00001e61  uxListRemove                   
00001e81  vQueueAddToRegistry            
00001ea1  xTaskGetSchedulerState         
00001edd  vPortEnterCritical             
00001ef9  UARTprintf                     
00001f2d  pvTaskIncrementMutexHeldCount  
00001f45  vListInsertEnd                 
00001f5d  vPortExitCritical              
00001f75  vTaskSetTimeOutState           
00001f8d  vListInitialise                
00001fb9  vPortSetupTimerInterrupt       
00001ff1  vTaskSuspendAll                
00002001  __TI_decompress_none           
0000200f  __TI_zero_init                 
0000201d  vTaskMissedYield               
00002029  xTaskGetTickCount              
0000203d  ResetISR                       
00002043  UARTClockSourceSet             
00002049  vListInitialiseItem            
0000204f  _system_pre_init               
00002053  C$$EXIT                        
00002053  abort                          
00002070  ulMaxSyscallInterruptPriority  
00002098  __TI_Handler_Table_Base        
000020a4  __TI_Handler_Table_Limit       
000020b0  __TI_CINIT_Base                
000020c0  __TI_CINIT_Limit               
20000000  __start___llvm_prf_cnts        
20000000  __stop___llvm_prf_cnts         
20007670  xQueueRegistry                 
2000776c  g_pUARTSemaphore               
20007770  xSemaphoreMutex                
20007778  __stack                        
20007978  __STACK_END                    
20007978  __STACK_TOP                    
20007978  pxCurrentTCB                   
200079a8  idx                            
200079ac  jdx                            
200079b0  seqIterations                  
200079b4  reqIterations                  
200079b8  fib                            
200079bc  fib0                           
200079c0  fib1                           
200079c8  syncVariableFromTask1toTask2   
ffffffff  __TI_pprof_out_hndl            
ffffffff  __TI_prof_data_size            
ffffffff  __TI_prof_data_start           
ffffffff  __binit__                      
ffffffff  __c_args__                     
ffffffff  binit                          
UNDEFED   __mpu_init                     
UNDEFED   _system_post_cinit             

[114 symbols]
