<?xml version="1.0" encoding="ISO-8859-1" ?>
<link_info>
   <banner>TI ARM Linker PC v20.2.5.LTS</banner>
   <copyright>Copyright (c) 1996-2018 Texas Instruments Incorporated</copyright>
   <link_time>0x6244e090</link_time>
   <link_errors>0x0</link_errors>
   <output_file>freertos_demo.out</output_file>
   <entry_point>
      <name>_c_int00_noargs</name>
      <address>0x1d11</address>
   </entry_point>
   <input_file_list>
      <input_file id="fl-2">
         <path>.\</path>
         <kind>object</kind>
         <file>freertos_demo.obj</file>
         <name>freertos_demo.obj</name>
      </input_file>
      <input_file id="fl-3">
         <path>.\</path>
         <kind>object</kind>
         <file>led_task.obj</file>
         <name>led_task.obj</name>
      </input_file>
      <input_file id="fl-4">
         <path>.\</path>
         <kind>object</kind>
         <file>startup_ccs.obj</file>
         <name>startup_ccs.obj</name>
      </input_file>
      <input_file id="fl-5">
         <path>.\</path>
         <kind>object</kind>
         <file>switch_task.obj</file>
         <name>switch_task.obj</name>
      </input_file>
      <input_file id="fl-6">
         <path>.\drivers\</path>
         <kind>object</kind>
         <file>buttons.obj</file>
         <name>buttons.obj</name>
      </input_file>
      <input_file id="fl-7">
         <path>.\drivers\</path>
         <kind>object</kind>
         <file>rgb.obj</file>
         <name>rgb.obj</name>
      </input_file>
      <input_file id="fl-8">
         <path>.\third_party\FreeRTOS\Source\</path>
         <kind>object</kind>
         <file>list.obj</file>
         <name>list.obj</name>
      </input_file>
      <input_file id="fl-9">
         <path>.\third_party\FreeRTOS\Source\</path>
         <kind>object</kind>
         <file>queue.obj</file>
         <name>queue.obj</name>
      </input_file>
      <input_file id="fl-a">
         <path>.\third_party\FreeRTOS\Source\</path>
         <kind>object</kind>
         <file>tasks.obj</file>
         <name>tasks.obj</name>
      </input_file>
      <input_file id="fl-b">
         <path>.\third_party\FreeRTOS\Source\</path>
         <kind>object</kind>
         <file>timers.obj</file>
         <name>timers.obj</name>
      </input_file>
      <input_file id="fl-c">
         <path>.\third_party\FreeRTOS\Source\portable\CCS\ARM_CM4F\</path>
         <kind>object</kind>
         <file>port.obj</file>
         <name>port.obj</name>
      </input_file>
      <input_file id="fl-d">
         <path>.\third_party\FreeRTOS\Source\portable\CCS\ARM_CM4F\</path>
         <kind>object</kind>
         <file>portasm.obj</file>
         <name>portasm.obj</name>
      </input_file>
      <input_file id="fl-e">
         <path>.\third_party\FreeRTOS\Source\portable\MemMang\</path>
         <kind>object</kind>
         <file>heap_2.obj</file>
         <name>heap_2.obj</name>
      </input_file>
      <input_file id="fl-f">
         <path>.\utils\</path>
         <kind>object</kind>
         <file>uartstdio.obj</file>
         <name>uartstdio.obj</name>
      </input_file>
      <input_file id="fl-10">
         <path>.\utils\</path>
         <kind>object</kind>
         <file>ustdlib.obj</file>
         <name>ustdlib.obj</name>
      </input_file>
      <input_file id="fl-15">
         <kind>object</kind>
         <file>&lt;internal&gt;</file>
         <name>&lt;internal&gt;</name>
      </input_file>
      <input_file id="fl-cb">
         <path>C:\ti\ccs1110\ccs\tools\compiler\ti-cgt-arm_20.2.5.LTS\lib\</path>
         <kind>archive</kind>
         <file>rtsv7M4_T_le_v4SPD16_eabi.lib</file>
         <name>fs_toull_t2.asm.obj</name>
      </input_file>
      <input_file id="fl-cc">
         <path>C:\ti\ccs1110\ccs\tools\compiler\ti-cgt-arm_20.2.5.LTS\lib\</path>
         <kind>archive</kind>
         <file>rtsv7M4_T_le_v4SPD16_eabi.lib</file>
         <name>memcpy_t2.asm.obj</name>
      </input_file>
      <input_file id="fl-cd">
         <path>C:\ti\ccs1110\ccs\tools\compiler\ti-cgt-arm_20.2.5.LTS\lib\</path>
         <kind>archive</kind>
         <file>rtsv7M4_T_le_v4SPD16_eabi.lib</file>
         <name>u_divt2.asm.obj</name>
      </input_file>
      <input_file id="fl-ce">
         <path>C:\ti\ccs1110\ccs\tools\compiler\ti-cgt-arm_20.2.5.LTS\lib\</path>
         <kind>archive</kind>
         <file>rtsv7M4_T_le_v4SPD16_eabi.lib</file>
         <name>memset_t2.asm.obj</name>
      </input_file>
      <input_file id="fl-cf">
         <path>C:\ti\ccs1110\ccs\tools\compiler\ti-cgt-arm_20.2.5.LTS\lib\</path>
         <kind>archive</kind>
         <file>rtsv7M4_T_le_v4SPD16_eabi.lib</file>
         <name>copy_zero_init.c.obj</name>
      </input_file>
      <input_file id="fl-d0">
         <path>C:\ti\ccs1110\ccs\tools\compiler\ti-cgt-arm_20.2.5.LTS\lib\</path>
         <kind>archive</kind>
         <file>rtsv7M4_T_le_v4SPD16_eabi.lib</file>
         <name>copy_decompress_none.c.obj</name>
      </input_file>
      <input_file id="fl-d1">
         <path>C:\ti\ccs1110\ccs\tools\compiler\ti-cgt-arm_20.2.5.LTS\lib\</path>
         <kind>archive</kind>
         <file>rtsv7M4_T_le_v4SPD16_eabi.lib</file>
         <name>copy_decompress_lzss.c.obj</name>
      </input_file>
      <input_file id="fl-d2">
         <path>C:\ti\ccs1110\ccs\tools\compiler\ti-cgt-arm_20.2.5.LTS\lib\</path>
         <kind>archive</kind>
         <file>rtsv7M4_T_le_v4SPD16_eabi.lib</file>
         <name>boot_cortex_m.c.obj</name>
      </input_file>
      <input_file id="fl-d3">
         <path>C:\ti\ccs1110\ccs\tools\compiler\ti-cgt-arm_20.2.5.LTS\lib\</path>
         <kind>archive</kind>
         <file>rtsv7M4_T_le_v4SPD16_eabi.lib</file>
         <name>div0.asm.obj</name>
      </input_file>
      <input_file id="fl-d4">
         <path>C:\ti\ccs1110\ccs\tools\compiler\ti-cgt-arm_20.2.5.LTS\lib\</path>
         <kind>archive</kind>
         <file>rtsv7M4_T_le_v4SPD16_eabi.lib</file>
         <name>autoinit.c.obj</name>
      </input_file>
      <input_file id="fl-d5">
         <path>C:\ti\ccs1110\ccs\tools\compiler\ti-cgt-arm_20.2.5.LTS\lib\</path>
         <kind>archive</kind>
         <file>rtsv7M4_T_le_v4SPD16_eabi.lib</file>
         <name>pre_init.c.obj</name>
      </input_file>
      <input_file id="fl-d6">
         <path>C:\ti\ccs1110\ccs\tools\compiler\ti-cgt-arm_20.2.5.LTS\lib\</path>
         <kind>archive</kind>
         <file>rtsv7M4_T_le_v4SPD16_eabi.lib</file>
         <name>cpy_tbl.c.obj</name>
      </input_file>
      <input_file id="fl-d7">
         <path>C:\ti\ccs1110\ccs\tools\compiler\ti-cgt-arm_20.2.5.LTS\lib\</path>
         <kind>archive</kind>
         <file>rtsv7M4_T_le_v4SPD16_eabi.lib</file>
         <name>exit.c.obj</name>
      </input_file>
      <input_file id="fl-d8">
         <path>C:\ti\ccs1110\ccs\tools\compiler\ti-cgt-arm_20.2.5.LTS\lib\</path>
         <kind>archive</kind>
         <file>rtsv7M4_T_le_v4SPD16_eabi.lib</file>
         <name>_lock.c.obj</name>
      </input_file>
      <input_file id="fl-d9">
         <path>C:\ti\ccs1110\ccs\tools\compiler\ti-cgt-arm_20.2.5.LTS\lib\</path>
         <kind>archive</kind>
         <file>rtsv7M4_T_le_v4SPD16_eabi.lib</file>
         <name>args_main.c.obj</name>
      </input_file>
      <input_file id="fl-da">
         <path>C:\ti\TivaWare_C_Series-2.1.4.178\driverlib\ccs\Debug\</path>
         <kind>archive</kind>
         <file>driverlib.lib</file>
         <name>sysctl.obj</name>
      </input_file>
      <input_file id="fl-db">
         <path>C:\ti\TivaWare_C_Series-2.1.4.178\driverlib\ccs\Debug\</path>
         <kind>archive</kind>
         <file>driverlib.lib</file>
         <name>uart.obj</name>
      </input_file>
      <input_file id="fl-dc">
         <path>C:\ti\TivaWare_C_Series-2.1.4.178\driverlib\ccs\Debug\</path>
         <kind>archive</kind>
         <file>driverlib.lib</file>
         <name>cpu.obj</name>
      </input_file>
      <input_file id="fl-dd">
         <path>C:\ti\TivaWare_C_Series-2.1.4.178\driverlib\ccs\Debug\</path>
         <kind>archive</kind>
         <file>driverlib.lib</file>
         <name>interrupt.obj</name>
      </input_file>
   </input_file_list>
   <object_component_list>
      <object_component id="oc-12">
         <name>.intvecs</name>
         <load_address>0x0</load_address>
         <run_address>0x0</run_address>
         <size>0x26c</size>
         <input_file_ref idref="fl-4"/>
      </object_component>
      <object_component id="oc-1f7">
         <name>.text:UARTvprintf</name>
         <load_address>0x26c</load_address>
         <run_address>0x26c</run_address>
         <size>0x1ee</size>
         <input_file_ref idref="fl-f"/>
      </object_component>
      <object_component id="oc-33">
         <name>.text:FaultISR</name>
         <load_address>0x45a</load_address>
         <run_address>0x45a</run_address>
         <size>0x2</size>
         <input_file_ref idref="fl-4"/>
      </object_component>
      <object_component id="oc-cf">
         <name>.text:main</name>
         <load_address>0x45c</load_address>
         <run_address>0x45c</run_address>
         <size>0x198</size>
         <input_file_ref idref="fl-2"/>
      </object_component>
      <object_component id="oc-27b">
         <name>.text:xQueueGenericReceive</name>
         <load_address>0x5f4</load_address>
         <run_address>0x5f4</run_address>
         <size>0x118</size>
         <input_file_ref idref="fl-9"/>
      </object_component>
      <object_component id="oc-9b">
         <name>.text:xTaskIncrementTick</name>
         <load_address>0x70c</load_address>
         <run_address>0x70c</run_address>
         <size>0x104</size>
         <input_file_ref idref="fl-a"/>
      </object_component>
      <object_component id="oc-13b">
         <name>.text:xTaskGenericCreate</name>
         <load_address>0x810</load_address>
         <run_address>0x810</run_address>
         <size>0x100</size>
         <input_file_ref idref="fl-a"/>
      </object_component>
      <object_component id="oc-210">
         <name>.text:xQueueGenericSend</name>
         <load_address>0x910</load_address>
         <run_address>0x910</run_address>
         <size>0xe8</size>
         <input_file_ref idref="fl-9"/>
      </object_component>
      <object_component id="oc-2df">
         <name>.text:xTaskResumeAll</name>
         <load_address>0x9f8</load_address>
         <run_address>0x9f8</run_address>
         <size>0xe4</size>
         <input_file_ref idref="fl-a"/>
      </object_component>
      <object_component id="oc-3f">
         <name>.text</name>
         <load_address>0xadc</load_address>
         <run_address>0xadc</run_address>
         <size>0xd2</size>
         <input_file_ref idref="fl-d"/>
      </object_component>
      <object_component id="oc-39">
         <name>.text:IntDefaultHandler</name>
         <load_address>0xbae</load_address>
         <run_address>0xbae</run_address>
         <size>0x2</size>
         <input_file_ref idref="fl-4"/>
      </object_component>
      <object_component id="oc-163">
         <name>.text:task2</name>
         <load_address>0xbb0</load_address>
         <run_address>0xbb0</run_address>
         <size>0xb0</size>
         <input_file_ref idref="fl-2"/>
      </object_component>
      <object_component id="oc-204">
         <name>.text:pvPortMalloc</name>
         <load_address>0xc60</load_address>
         <run_address>0xc60</run_address>
         <size>0xac</size>
         <input_file_ref idref="fl-e"/>
      </object_component>
      <object_component id="oc-15d">
         <name>.text:task1</name>
         <load_address>0xd0c</load_address>
         <run_address>0xd0c</run_address>
         <size>0xac</size>
         <input_file_ref idref="fl-2"/>
      </object_component>
      <object_component id="oc-428">
         <name>.text:prvProcessReceivedCommands</name>
         <load_address>0xdb8</load_address>
         <run_address>0xdb8</run_address>
         <size>0xa4</size>
         <input_file_ref idref="fl-b"/>
      </object_component>
      <object_component id="oc-58">
         <name>.text</name>
         <load_address>0xe5c</load_address>
         <run_address>0xe5c</run_address>
         <size>0x9c</size>
         <input_file_ref idref="fl-cc"/>
      </object_component>
      <object_component id="oc-381">
         <name>.text:vTaskPriorityInherit</name>
         <load_address>0xef8</load_address>
         <run_address>0xef8</run_address>
         <size>0x90</size>
         <input_file_ref idref="fl-a"/>
      </object_component>
      <object_component id="oc-94">
         <name>.text:vTaskSwitchContext</name>
         <load_address>0xf88</load_address>
         <run_address>0xf88</run_address>
         <size>0x8c</size>
         <input_file_ref idref="fl-a"/>
      </object_component>
      <object_component id="oc-3ff">
         <name>.text:xQueueGenericReset</name>
         <load_address>0x1014</load_address>
         <run_address>0x1014</run_address>
         <size>0x84</size>
         <input_file_ref idref="fl-9"/>
      </object_component>
      <object_component id="oc-c3">
         <name>.text</name>
         <load_address>0x1098</load_address>
         <run_address>0x1098</run_address>
         <size>0x7a</size>
         <input_file_ref idref="fl-ce"/>
      </object_component>
      <object_component id="oc-2d">
         <name>.text:NmiSR</name>
         <load_address>0x1112</load_address>
         <run_address>0x1112</run_address>
         <size>0x2</size>
         <input_file_ref idref="fl-4"/>
      </object_component>
      <object_component id="oc-3f7">
         <name>.text:xTaskPriorityDisinherit</name>
         <load_address>0x1114</load_address>
         <run_address>0x1114</run_address>
         <size>0x78</size>
         <input_file_ref idref="fl-a"/>
      </object_component>
      <object_component id="oc-315">
         <name>.text:xTaskRemoveFromEventList</name>
         <load_address>0x118c</load_address>
         <run_address>0x118c</run_address>
         <size>0x74</size>
         <input_file_ref idref="fl-a"/>
      </object_component>
      <object_component id="oc-30f">
         <name>.text:prvCopyDataToQueue</name>
         <load_address>0x1200</load_address>
         <run_address>0x1200</run_address>
         <size>0x72</size>
         <input_file_ref idref="fl-9"/>
      </object_component>
      <object_component id="oc-157">
         <name>.text:myTimerCallback</name>
         <load_address>0x1272</load_address>
         <run_address>0x1272</run_address>
         <size>0x2</size>
         <input_file_ref idref="fl-2"/>
      </object_component>
      <object_component id="oc-422">
         <name>.text:prvProcessTimerOrBlockTask</name>
         <load_address>0x1274</load_address>
         <run_address>0x1274</run_address>
         <size>0x70</size>
         <input_file_ref idref="fl-b"/>
      </object_component>
      <object_component id="oc-281">
         <name>.text:FIB_TEST</name>
         <load_address>0x12e4</load_address>
         <run_address>0x12e4</run_address>
         <size>0x6c</size>
         <input_file_ref idref="fl-2"/>
      </object_component>
      <object_component id="oc-15">
         <name>.text:decompress:lzss:__TI_decompress_lzss</name>
         <load_address>0x1350</load_address>
         <run_address>0x1350</run_address>
         <size>0x68</size>
         <input_file_ref idref="fl-d1"/>
      </object_component>
      <object_component id="oc-471">
         <name>.text:vTaskPlaceOnEventListRestricted</name>
         <load_address>0x13b8</load_address>
         <run_address>0x13b8</run_address>
         <size>0x68</size>
         <input_file_ref idref="fl-a"/>
      </object_component>
      <object_component id="oc-14d">
         <name>.text:vTaskStartScheduler</name>
         <load_address>0x1420</load_address>
         <run_address>0x1420</run_address>
         <size>0x68</size>
         <input_file_ref idref="fl-a"/>
      </object_component>
      <object_component id="oc-123">
         <name>.text:ConfigureUART</name>
         <load_address>0x1488</load_address>
         <run_address>0x1488</run_address>
         <size>0x64</size>
         <input_file_ref idref="fl-2"/>
      </object_component>
      <object_component id="oc-309">
         <name>.text:vTaskPlaceOnEventList</name>
         <load_address>0x14ec</load_address>
         <run_address>0x14ec</run_address>
         <size>0x64</size>
         <input_file_ref idref="fl-a"/>
      </object_component>
      <object_component id="oc-2fd">
         <name>.text:prvUnlockQueue</name>
         <load_address>0x1550</load_address>
         <run_address>0x1550</run_address>
         <size>0x62</size>
         <input_file_ref idref="fl-9"/>
      </object_component>
      <object_component id="oc-3cd">
         <name>.text</name>
         <load_address>0x15b2</load_address>
         <run_address>0x15b2</run_address>
         <size>0x2</size>
         <input_file_ref idref="fl-d3"/>
      </object_component>
      <object_component id="oc-1f0">
         <name>.text:UARTStdioConfig</name>
         <load_address>0x15b4</load_address>
         <run_address>0x15b4</run_address>
         <size>0x60</size>
         <input_file_ref idref="fl-f"/>
      </object_component>
      <object_component id="oc-23f">
         <name>.text:prvInitialiseTaskLists</name>
         <load_address>0x1614</load_address>
         <run_address>0x1614</run_address>
         <size>0x60</size>
         <input_file_ref idref="fl-a"/>
      </object_component>
      <object_component id="oc-46a">
         <name>.text:prvSwitchTimerLists</name>
         <load_address>0x1674</load_address>
         <run_address>0x1674</run_address>
         <size>0x60</size>
         <input_file_ref idref="fl-b"/>
      </object_component>
      <object_component id="oc-219">
         <name>.text:prvCheckForValidListAndQueue</name>
         <load_address>0x16d4</load_address>
         <run_address>0x16d4</run_address>
         <size>0x5c</size>
         <input_file_ref idref="fl-b"/>
      </object_component>
      <object_component id="oc-287">
         <name>.text:vTaskDelay</name>
         <load_address>0x1730</load_address>
         <run_address>0x1730</run_address>
         <size>0x5c</size>
         <input_file_ref idref="fl-a"/>
      </object_component>
      <object_component id="oc-253">
         <name>.text:xQueueGenericSendFromISR</name>
         <load_address>0x178c</load_address>
         <run_address>0x178c</run_address>
         <size>0x5c</size>
         <input_file_ref idref="fl-9"/>
      </object_component>
      <object_component id="oc-374">
         <name>.text:prvCheckTasksWaitingTermination</name>
         <load_address>0x17e8</load_address>
         <run_address>0x17e8</run_address>
         <size>0x58</size>
         <input_file_ref idref="fl-a"/>
      </object_component>
      <object_component id="oc-22d">
         <name>.text:prvInitialiseTCBVariables</name>
         <load_address>0x1840</load_address>
         <run_address>0x1840</run_address>
         <size>0x56</size>
         <input_file_ref idref="fl-a"/>
      </object_component>
      <object_component id="oc-ec">
         <name>.text:vApplicationStackOverflowHook</name>
         <load_address>0x1896</load_address>
         <run_address>0x1896</run_address>
         <size>0x2</size>
         <input_file_ref idref="fl-2"/>
      </object_component>
      <object_component id="oc-2f7">
         <name>.text:xTaskCheckForTimeOut</name>
         <load_address>0x1898</load_address>
         <run_address>0x1898</run_address>
         <size>0x54</size>
         <input_file_ref idref="fl-a"/>
      </object_component>
      <object_component id="oc-12f">
         <name>.text:xQueueCreateMutex</name>
         <load_address>0x18ec</load_address>
         <run_address>0x18ec</run_address>
         <size>0x4e</size>
         <input_file_ref idref="fl-9"/>
      </object_component>
      <object_component id="oc-395">
         <name>.text:prvAddCurrentTaskToDelayedList</name>
         <load_address>0x193c</load_address>
         <run_address>0x193c</run_address>
         <size>0x4c</size>
         <input_file_ref idref="fl-a"/>
      </object_component>
      <object_component id="oc-2c5">
         <name>.text:UARTwrite</name>
         <load_address>0x1988</load_address>
         <run_address>0x1988</run_address>
         <size>0x48</size>
         <input_file_ref idref="fl-f"/>
      </object_component>
      <object_component id="oc-455">
         <name>.text:prvProcessExpiredTimer</name>
         <load_address>0x19d0</load_address>
         <run_address>0x19d0</run_address>
         <size>0x48</size>
         <input_file_ref idref="fl-b"/>
      </object_component>
      <object_component id="oc-177">
         <name>.text:__TI_auto_init_nobinit_nopinit:__TI_auto_init_nobinit_nopinit</name>
         <load_address>0x1a18</load_address>
         <run_address>0x1a18</run_address>
         <size>0x44</size>
         <input_file_ref idref="fl-d4"/>
      </object_component>
      <object_component id="oc-462">
         <name>.text:prvInsertTimerInActiveList</name>
         <load_address>0x1a5c</load_address>
         <run_address>0x1a5c</run_address>
         <size>0x44</size>
         <input_file_ref idref="fl-b"/>
      </object_component>
      <object_component id="oc-33c">
         <name>.text:vPortFree</name>
         <load_address>0x1aa0</load_address>
         <run_address>0x1aa0</run_address>
         <size>0x44</size>
         <input_file_ref idref="fl-e"/>
      </object_component>
      <object_component id="oc-147">
         <name>.text:xTimerGenericCommand</name>
         <load_address>0x1ae4</load_address>
         <run_address>0x1ae4</run_address>
         <size>0x44</size>
         <input_file_ref idref="fl-b"/>
      </object_component>
      <object_component id="oc-2cb">
         <name>.text</name>
         <load_address>0x1b28</load_address>
         <run_address>0x1b28</run_address>
         <size>0x40</size>
         <input_file_ref idref="fl-cd"/>
      </object_component>
      <object_component id="oc-45b">
         <name>.text:vQueueWaitForMessageRestricted</name>
         <load_address>0x1b68</load_address>
         <run_address>0x1b68</run_address>
         <size>0x40</size>
         <input_file_ref idref="fl-9"/>
      </object_component>
      <object_component id="oc-26b">
         <name>.text:xPortStartScheduler</name>
         <load_address>0x1ba8</load_address>
         <run_address>0x1ba8</run_address>
         <size>0x40</size>
         <input_file_ref idref="fl-c"/>
      </object_component>
      <object_component id="oc-265">
         <name>.text:xTimerCreateTimerTask</name>
         <load_address>0x1be8</load_address>
         <run_address>0x1be8</run_address>
         <size>0x40</size>
         <input_file_ref idref="fl-b"/>
      </object_component>
      <object_component id="oc-323">
         <name>.text:xQueueGenericCreate</name>
         <load_address>0x1c28</load_address>
         <run_address>0x1c28</run_address>
         <size>0x3c</size>
         <input_file_ref idref="fl-9"/>
      </object_component>
      <object_component id="oc-227">
         <name>.text:prvAllocateTCBAndStack</name>
         <load_address>0x1c64</load_address>
         <run_address>0x1c64</run_address>
         <size>0x3a</size>
         <input_file_ref idref="fl-a"/>
      </object_component>
      <object_component id="oc-135">
         <name>.text:xTimerCreate</name>
         <load_address>0x1c9e</load_address>
         <run_address>0x1c9e</run_address>
         <size>0x3a</size>
         <input_file_ref idref="fl-b"/>
      </object_component>
      <object_component id="oc-3f0">
         <name>.text:vListInsert</name>
         <load_address>0x1cd8</load_address>
         <run_address>0x1cd8</run_address>
         <size>0x38</size>
         <input_file_ref idref="fl-8"/>
      </object_component>
      <object_component id="oc-76">
         <name>.text:_c_int00_noargs:_c_int00_noargs</name>
         <load_address>0x1d10</load_address>
         <run_address>0x1d10</run_address>
         <size>0x34</size>
         <input_file_ref idref="fl-d2"/>
      </object_component>
      <object_component id="oc-2d9">
         <name>.text:prvHeapInit</name>
         <load_address>0x1d44</load_address>
         <run_address>0x1d44</run_address>
         <size>0x30</size>
         <input_file_ref idref="fl-e"/>
      </object_component>
      <object_component id="oc-44">
         <name>.text:xPortSysTickHandler</name>
         <load_address>0x1d74</load_address>
         <run_address>0x1d74</run_address>
         <size>0x2c</size>
         <input_file_ref idref="fl-c"/>
      </object_component>
      <object_component id="oc-f6">
         <name>.text:prvResetNextTaskUnblockTime</name>
         <load_address>0x1da0</load_address>
         <run_address>0x1da0</run_address>
         <size>0x28</size>
         <input_file_ref idref="fl-a"/>
      </object_component>
      <object_component id="oc-453">
         <name>.text:prvSampleTimeNow</name>
         <load_address>0x1dc8</load_address>
         <run_address>0x1dc8</run_address>
         <size>0x28</size>
         <input_file_ref idref="fl-b"/>
      </object_component>
      <object_component id="oc-233">
         <name>.text:pxPortInitialiseStack</name>
         <load_address>0x1df0</load_address>
         <run_address>0x1df0</run_address>
         <size>0x28</size>
         <input_file_ref idref="fl-c"/>
      </object_component>
      <object_component id="oc-387">
         <name>.text:prvCopyDataFromQueue</name>
         <load_address>0x1e18</load_address>
         <run_address>0x1e18</run_address>
         <size>0x26</size>
         <input_file_ref idref="fl-9"/>
      </object_component>
      <object_component id="oc-41c">
         <name>.text:prvGetNextExpireTime</name>
         <load_address>0x1e40</load_address>
         <run_address>0x1e40</run_address>
         <size>0x20</size>
         <input_file_ref idref="fl-b"/>
      </object_component>
      <object_component id="oc-fc">
         <name>.text:uxListRemove</name>
         <load_address>0x1e60</load_address>
         <run_address>0x1e60</run_address>
         <size>0x20</size>
         <input_file_ref idref="fl-8"/>
      </object_component>
      <object_component id="oc-329">
         <name>.text:vQueueAddToRegistry</name>
         <load_address>0x1e80</load_address>
         <run_address>0x1e80</run_address>
         <size>0x20</size>
         <input_file_ref idref="fl-9"/>
      </object_component>
      <object_component id="oc-24d">
         <name>.text:xTaskGetSchedulerState</name>
         <load_address>0x1ea0</load_address>
         <run_address>0x1ea0</run_address>
         <size>0x20</size>
         <input_file_ref idref="fl-a"/>
      </object_component>
      <object_component id="oc-303">
         <name>.text:prvIsQueueFull</name>
         <load_address>0x1ec0</load_address>
         <run_address>0x1ec0</run_address>
         <size>0x1c</size>
         <input_file_ref idref="fl-9"/>
      </object_component>
      <object_component id="oc-239">
         <name>.text:vPortEnterCritical</name>
         <load_address>0x1edc</load_address>
         <run_address>0x1edc</run_address>
         <size>0x1c</size>
         <input_file_ref idref="fl-c"/>
      </object_component>
      <object_component id="oc-129">
         <name>.text:UARTprintf</name>
         <load_address>0x1ef8</load_address>
         <run_address>0x1ef8</run_address>
         <size>0x1a</size>
         <input_file_ref idref="fl-f"/>
      </object_component>
      <object_component id="oc-37b">
         <name>.text:prvIsQueueEmpty</name>
         <load_address>0x1f12</load_address>
         <run_address>0x1f12</run_address>
         <size>0x1a</size>
         <input_file_ref idref="fl-9"/>
      </object_component>
      <object_component id="oc-38d">
         <name>.text:pvTaskIncrementMutexHeldCount</name>
         <load_address>0x1f2c</load_address>
         <run_address>0x1f2c</run_address>
         <size>0x18</size>
         <input_file_ref idref="fl-a"/>
      </object_component>
      <object_component id="oc-102">
         <name>.text:vListInsertEnd</name>
         <load_address>0x1f44</load_address>
         <run_address>0x1f44</run_address>
         <size>0x18</size>
         <input_file_ref idref="fl-8"/>
      </object_component>
      <object_component id="oc-245">
         <name>.text:vPortExitCritical</name>
         <load_address>0x1f5c</load_address>
         <run_address>0x1f5c</run_address>
         <size>0x18</size>
         <input_file_ref idref="fl-c"/>
      </object_component>
      <object_component id="oc-2f1">
         <name>.text:vTaskSetTimeOutState</name>
         <load_address>0x1f74</load_address>
         <run_address>0x1f74</run_address>
         <size>0x18</size>
         <input_file_ref idref="fl-a"/>
      </object_component>
      <object_component id="oc-20a">
         <name>.text:vListInitialise</name>
         <load_address>0x1f8c</load_address>
         <run_address>0x1f8c</run_address>
         <size>0x16</size>
         <input_file_ref idref="fl-8"/>
      </object_component>
      <object_component id="oc-366">
         <name>.text:prvTimerTask</name>
         <load_address>0x1fa2</load_address>
         <run_address>0x1fa2</run_address>
         <size>0x14</size>
         <input_file_ref idref="fl-b"/>
      </object_component>
      <object_component id="oc-36d">
         <name>.text:vPortSetupTimerInterrupt</name>
         <load_address>0x1fb8</load_address>
         <run_address>0x1fb8</run_address>
         <size>0x14</size>
         <input_file_ref idref="fl-c"/>
      </object_component>
      <object_component id="oc-430">
         <name>.text:prvDeleteTCB</name>
         <load_address>0x1fcc</load_address>
         <run_address>0x1fcc</run_address>
         <size>0x12</size>
         <input_file_ref idref="fl-a"/>
      </object_component>
      <object_component id="oc-344">
         <name>.text:prvTaskExitError</name>
         <load_address>0x1fde</load_address>
         <run_address>0x1fde</run_address>
         <size>0x10</size>
         <input_file_ref idref="fl-c"/>
      </object_component>
      <object_component id="oc-2d3">
         <name>.text:vTaskSuspendAll</name>
         <load_address>0x1ff0</load_address>
         <run_address>0x1ff0</run_address>
         <size>0x10</size>
         <input_file_ref idref="fl-a"/>
      </object_component>
      <object_component id="oc-1b">
         <name>.text:decompress:none:__TI_decompress_none</name>
         <load_address>0x2000</load_address>
         <run_address>0x2000</run_address>
         <size>0xe</size>
         <input_file_ref idref="fl-d0"/>
      </object_component>
      <object_component id="oc-6a">
         <name>.text:decompress:ZI:__TI_zero_init</name>
         <load_address>0x200e</load_address>
         <run_address>0x200e</run_address>
         <size>0xc</size>
         <input_file_ref idref="fl-cf"/>
      </object_component>
      <object_component id="oc-3e8">
         <name>.text:vTaskMissedYield</name>
         <load_address>0x201c</load_address>
         <run_address>0x201c</run_address>
         <size>0xc</size>
         <input_file_ref idref="fl-a"/>
      </object_component>
      <object_component id="oc-141">
         <name>.text:xTaskGetTickCount</name>
         <load_address>0x2028</load_address>
         <run_address>0x2028</run_address>
         <size>0xc</size>
         <input_file_ref idref="fl-a"/>
      </object_component>
      <object_component id="oc-271">
         <name>.text:prvIdleTask</name>
         <load_address>0x2034</load_address>
         <run_address>0x2034</run_address>
         <size>0x8</size>
         <input_file_ref idref="fl-a"/>
      </object_component>
      <object_component id="oc-27">
         <name>.text:ResetISR</name>
         <load_address>0x203c</load_address>
         <run_address>0x203c</run_address>
         <size>0x6</size>
         <input_file_ref idref="fl-4"/>
      </object_component>
      <object_component id="oc-1ea">
         <name>.text:UARTClockSourceSet</name>
         <load_address>0x2042</load_address>
         <run_address>0x2042</run_address>
         <size>0x6</size>
         <input_file_ref idref="fl-db"/>
      </object_component>
      <object_component id="oc-21f">
         <name>.text:vListInitialiseItem</name>
         <load_address>0x2048</load_address>
         <run_address>0x2048</run_address>
         <size>0x6</size>
         <input_file_ref idref="fl-8"/>
      </object_component>
      <object_component id="oc-c9">
         <name>.text:_system_pre_init</name>
         <load_address>0x204e</load_address>
         <run_address>0x204e</run_address>
         <size>0x4</size>
         <input_file_ref idref="fl-d5"/>
      </object_component>
      <object_component id="oc-16b">
         <name>.text:abort:abort</name>
         <load_address>0x2052</load_address>
         <run_address>0x2052</run_address>
         <size>0x4</size>
         <input_file_ref idref="fl-d7"/>
      </object_component>
      <object_component id="oc-2bb">
         <name>.const:g_ui32UARTBase</name>
         <load_address>0x2058</load_address>
         <run_address>0x2058</run_address>
         <size>0xc</size>
         <input_file_ref idref="fl-f"/>
      </object_component>
      <object_component id="oc-2b8">
         <name>.const:g_ui32UARTPeriph</name>
         <load_address>0x2064</load_address>
         <run_address>0x2064</run_address>
         <size>0xc</size>
         <input_file_ref idref="fl-f"/>
      </object_component>
      <object_component id="oc-91">
         <name>.const</name>
         <load_address>0x2070</load_address>
         <run_address>0x2070</run_address>
         <size>0x4</size>
         <input_file_ref idref="fl-c"/>
      </object_component>
      <object_component id="oc-4a6">
         <name>.cinit..data.load</name>
         <load_address>0x2078</load_address>
         <run_address>0x2078</run_address>
         <size>0x1d</size>
      </object_component>
      <object_component id="oc-4a4">
         <name>__TI_handler_table</name>
         <load_address>0x2098</load_address>
         <run_address>0x2098</run_address>
         <size>0xc</size>
      </object_component>
      <object_component id="oc-4a7">
         <name>.cinit..bss.load</name>
         <load_address>0x20a8</load_address>
         <run_address>0x20a8</run_address>
         <size>0x8</size>
      </object_component>
      <object_component id="oc-4a5">
         <name>__TI_cinit_table</name>
         <load_address>0x20b0</load_address>
         <run_address>0x20b0</run_address>
         <size>0x10</size>
      </object_component>
      <object_component id="oc-154">
         <name>.data</name>
         <load_address>0x200079a8</load_address>
         <run_address>0x200079a8</run_address>
         <size>0x24</size>
         <input_file_ref idref="fl-2"/>
      </object_component>
      <object_component id="oc-8e">
         <name>.data</name>
         <load_address>0x20007978</load_address>
         <run_address>0x20007978</run_address>
         <size>0x30</size>
         <input_file_ref idref="fl-a"/>
      </object_component>
      <object_component id="oc-259">
         <name>.data</name>
         <load_address>0x200079d4</load_address>
         <run_address>0x200079d4</run_address>
         <size>0x8</size>
         <input_file_ref idref="fl-b"/>
      </object_component>
      <object_component id="oc-34b">
         <name>.data</name>
         <load_address>0x200079e4</load_address>
         <run_address>0x200079e4</run_address>
         <size>0x4</size>
         <input_file_ref idref="fl-c"/>
      </object_component>
      <object_component id="oc-2e5">
         <name>.data</name>
         <load_address>0x200079cc</load_address>
         <run_address>0x200079cc</run_address>
         <size>0x8</size>
         <input_file_ref idref="fl-e"/>
      </object_component>
      <object_component id="oc-2be">
         <name>.data</name>
         <load_address>0x200079dc</load_address>
         <run_address>0x200079dc</run_address>
         <size>0x5</size>
         <input_file_ref idref="fl-f"/>
      </object_component>
      <object_component id="oc-f2">
         <name>.bss:pxReadyTasksLists</name>
         <uninitialized>true</uninitialized>
         <run_address>0x20007530</run_address>
         <size>0x140</size>
         <input_file_ref idref="fl-a"/>
      </object_component>
      <object_component id="oc-34f">
         <name>.bss:xDelayedTaskList1</name>
         <uninitialized>true</uninitialized>
         <run_address>0x200076e8</run_address>
         <size>0x14</size>
         <input_file_ref idref="fl-a"/>
      </object_component>
      <object_component id="oc-352">
         <name>.bss:xDelayedTaskList2</name>
         <uninitialized>true</uninitialized>
         <run_address>0x200076fc</run_address>
         <size>0x14</size>
         <input_file_ref idref="fl-a"/>
      </object_component>
      <object_component id="oc-108">
         <name>.bss</name>
         <uninitialized>true</uninitialized>
         <run_address>0x2000774c</run_address>
         <size>0x8</size>
         <input_file_ref idref="fl-a"/>
      </object_component>
      <object_component id="oc-355">
         <name>.bss:xPendingReadyList</name>
         <uninitialized>true</uninitialized>
         <run_address>0x20007710</run_address>
         <size>0x14</size>
         <input_file_ref idref="fl-a"/>
      </object_component>
      <object_component id="oc-358">
         <name>.bss:xTasksWaitingTermination</name>
         <uninitialized>true</uninitialized>
         <run_address>0x20007738</run_address>
         <size>0x14</size>
         <input_file_ref idref="fl-a"/>
      </object_component>
      <object_component id="oc-35b">
         <name>.bss:xSuspendedTaskList</name>
         <uninitialized>true</uninitialized>
         <run_address>0x20007724</run_address>
         <size>0x14</size>
         <input_file_ref idref="fl-a"/>
      </object_component>
      <object_component id="oc-32f">
         <name>.bss:xActiveTimerList1</name>
         <uninitialized>true</uninitialized>
         <run_address>0x200076c0</run_address>
         <size>0x14</size>
         <input_file_ref idref="fl-b"/>
      </object_component>
      <object_component id="oc-332">
         <name>.bss:xActiveTimerList2</name>
         <uninitialized>true</uninitialized>
         <run_address>0x200076d4</run_address>
         <size>0x14</size>
         <input_file_ref idref="fl-b"/>
      </object_component>
      <object_component id="oc-335">
         <name>.bss</name>
         <uninitialized>true</uninitialized>
         <run_address>0x20007754</run_address>
         <size>0x8</size>
         <input_file_ref idref="fl-b"/>
      </object_component>
      <object_component id="oc-3d4">
         <name>.bss:ucHeap</name>
         <uninitialized>true</uninitialized>
         <run_address>0x20000000</run_address>
         <size>0x7530</size>
         <input_file_ref idref="fl-e"/>
      </object_component>
      <object_component id="oc-2e8">
         <name>.bss:xStart</name>
         <uninitialized>true</uninitialized>
         <run_address>0x20007764</run_address>
         <size>0x8</size>
         <input_file_ref idref="fl-e"/>
      </object_component>
      <object_component id="oc-2eb">
         <name>.bss:xEnd</name>
         <uninitialized>true</uninitialized>
         <run_address>0x2000775c</run_address>
         <size>0x8</size>
         <input_file_ref idref="fl-e"/>
      </object_component>
      <object_component id="oc-153">
         <name>.common:g_pUARTSemaphore</name>
         <uninitialized>true</uninitialized>
         <run_address>0x2000776c</run_address>
         <size>0x4</size>
      </object_component>
      <object_component id="oc-169">
         <name>.common:xSemaphoreMutex</name>
         <uninitialized>true</uninitialized>
         <run_address>0x20007770</run_address>
         <size>0x4</size>
      </object_component>
      <object_component id="oc-406">
         <name>.common:xQueueRegistry</name>
         <uninitialized>true</uninitialized>
         <run_address>0x20007670</run_address>
         <size>0x50</size>
      </object_component>
      <object_component id="oc-24">
         <name>.stack</name>
         <uninitialized>true</uninitialized>
         <run_address>0x20007778</run_address>
         <size>0x4</size>
         <input_file_ref idref="fl-d2"/>
      </object_component>
      <object_component id="oc-4a9">
         <name>.stack</name>
         <uninitialized>true</uninitialized>
         <run_address>0x20007778</run_address>
         <size>0x0</size>
      </object_component>
      <object_component id="oc-111">
         <name>.debug_info</name>
         <load_address>0x0</load_address>
         <run_address>0x0</run_address>
         <size>0x6b2</size>
         <input_file_ref idref="fl-2"/>
      </object_component>
      <object_component id="oc-155">
         <name>.debug_info</name>
         <load_address>0x6b2</load_address>
         <run_address>0x6b2</run_address>
         <size>0x1fa</size>
         <input_file_ref idref="fl-2"/>
      </object_component>
      <object_component id="oc-ed">
         <name>.debug_info</name>
         <load_address>0x8ac</load_address>
         <run_address>0x8ac</run_address>
         <size>0x16b</size>
         <input_file_ref idref="fl-2"/>
      </object_component>
      <object_component id="oc-282">
         <name>.debug_info</name>
         <load_address>0xa17</load_address>
         <run_address>0xa17</run_address>
         <size>0x174</size>
         <input_file_ref idref="fl-2"/>
      </object_component>
      <object_component id="oc-164">
         <name>.debug_info</name>
         <load_address>0xb8b</load_address>
         <run_address>0xb8b</run_address>
         <size>0x214</size>
         <input_file_ref idref="fl-2"/>
      </object_component>
      <object_component id="oc-15e">
         <name>.debug_info</name>
         <load_address>0xd9f</load_address>
         <run_address>0xd9f</run_address>
         <size>0x203</size>
         <input_file_ref idref="fl-2"/>
      </object_component>
      <object_component id="oc-158">
         <name>.debug_info</name>
         <load_address>0xfa2</load_address>
         <run_address>0xfa2</run_address>
         <size>0x138</size>
         <input_file_ref idref="fl-2"/>
      </object_component>
      <object_component id="oc-124">
         <name>.debug_info</name>
         <load_address>0x10da</load_address>
         <run_address>0x10da</run_address>
         <size>0x171</size>
         <input_file_ref idref="fl-2"/>
      </object_component>
      <object_component id="oc-d0">
         <name>.debug_info</name>
         <load_address>0x124b</load_address>
         <run_address>0x124b</run_address>
         <size>0x222</size>
         <input_file_ref idref="fl-2"/>
      </object_component>
      <object_component id="oc-1b0">
         <name>.debug_info</name>
         <load_address>0x146d</load_address>
         <run_address>0x146d</run_address>
         <size>0x2ef</size>
         <input_file_ref idref="fl-2"/>
      </object_component>
      <object_component id="oc-a4">
         <name>.debug_info</name>
         <load_address>0x175c</load_address>
         <run_address>0x175c</run_address>
         <size>0x26b</size>
         <input_file_ref idref="fl-2"/>
      </object_component>
      <object_component id="oc-53">
         <name>.debug_info</name>
         <load_address>0x19c7</load_address>
         <run_address>0x19c7</run_address>
         <size>0x84</size>
         <input_file_ref idref="fl-2"/>
      </object_component>
      <object_component id="oc-1e5">
         <name>.debug_info</name>
         <load_address>0x1a4b</load_address>
         <run_address>0x1a4b</run_address>
         <size>0x46</size>
         <input_file_ref idref="fl-2"/>
      </object_component>
      <object_component id="oc-1e0">
         <name>.debug_info</name>
         <load_address>0x1a91</load_address>
         <run_address>0x1a91</run_address>
         <size>0x2c</size>
         <input_file_ref idref="fl-2"/>
      </object_component>
      <object_component id="oc-1ba">
         <name>.debug_info</name>
         <load_address>0x1abd</load_address>
         <run_address>0x1abd</run_address>
         <size>0x46</size>
         <input_file_ref idref="fl-2"/>
      </object_component>
      <object_component id="oc-1b5">
         <name>.debug_info</name>
         <load_address>0x1b03</load_address>
         <run_address>0x1b03</run_address>
         <size>0x2c</size>
         <input_file_ref idref="fl-2"/>
      </object_component>
      <object_component id="oc-10c">
         <name>.debug_info</name>
         <load_address>0x1b2f</load_address>
         <run_address>0x1b2f</run_address>
         <size>0x2a4</size>
         <input_file_ref idref="fl-2"/>
      </object_component>
      <object_component id="oc-a9">
         <name>.debug_info</name>
         <load_address>0x1dd3</load_address>
         <run_address>0x1dd3</run_address>
         <size>0xbb</size>
         <input_file_ref idref="fl-2"/>
      </object_component>
      <object_component id="oc-e4">
         <name>.debug_info</name>
         <load_address>0x1e8e</load_address>
         <run_address>0x1e8e</run_address>
         <size>0x53</size>
         <input_file_ref idref="fl-2"/>
      </object_component>
      <object_component id="oc-1ff">
         <name>.debug_info</name>
         <load_address>0x1ee1</load_address>
         <run_address>0x1ee1</run_address>
         <size>0x2c</size>
         <input_file_ref idref="fl-2"/>
      </object_component>
      <object_component id="oc-1db">
         <name>.debug_info</name>
         <load_address>0x1f0d</load_address>
         <run_address>0x1f0d</run_address>
         <size>0x35</size>
         <input_file_ref idref="fl-2"/>
      </object_component>
      <object_component id="oc-1c4">
         <name>.debug_info</name>
         <load_address>0x1f42</load_address>
         <run_address>0x1f42</run_address>
         <size>0x14c</size>
         <input_file_ref idref="fl-2"/>
      </object_component>
      <object_component id="oc-4c">
         <name>.debug_info</name>
         <load_address>0x208e</load_address>
         <run_address>0x208e</run_address>
         <size>0x320</size>
         <input_file_ref idref="fl-4"/>
      </object_component>
      <object_component id="oc-13">
         <name>.debug_info</name>
         <load_address>0x23ae</load_address>
         <run_address>0x23ae</run_address>
         <size>0xdf</size>
         <input_file_ref idref="fl-4"/>
      </object_component>
      <object_component id="oc-28">
         <name>.debug_info</name>
         <load_address>0x248d</load_address>
         <run_address>0x248d</run_address>
         <size>0x10f</size>
         <input_file_ref idref="fl-4"/>
      </object_component>
      <object_component id="oc-2f">
         <name>.debug_info</name>
         <load_address>0x259c</load_address>
         <run_address>0x259c</run_address>
         <size>0x100</size>
         <input_file_ref idref="fl-4"/>
      </object_component>
      <object_component id="oc-3b">
         <name>.debug_info</name>
         <load_address>0x269c</load_address>
         <run_address>0x269c</run_address>
         <size>0x118</size>
         <input_file_ref idref="fl-4"/>
      </object_component>
      <object_component id="oc-35">
         <name>.debug_info</name>
         <load_address>0x27b4</load_address>
         <run_address>0x27b4</run_address>
         <size>0x106</size>
         <input_file_ref idref="fl-4"/>
      </object_component>
      <object_component id="oc-1d5">
         <name>.debug_info</name>
         <load_address>0x28ba</load_address>
         <run_address>0x28ba</run_address>
         <size>0x2fd</size>
         <input_file_ref idref="fl-8"/>
      </object_component>
      <object_component id="oc-105">
         <name>.debug_info</name>
         <load_address>0x2bb7</load_address>
         <run_address>0x2bb7</run_address>
         <size>0x23e</size>
         <input_file_ref idref="fl-8"/>
      </object_component>
      <object_component id="oc-3f3">
         <name>.debug_info</name>
         <load_address>0x2df5</load_address>
         <run_address>0x2df5</run_address>
         <size>0x269</size>
         <input_file_ref idref="fl-8"/>
      </object_component>
      <object_component id="oc-222">
         <name>.debug_info</name>
         <load_address>0x305e</load_address>
         <run_address>0x305e</run_address>
         <size>0x1eb</size>
         <input_file_ref idref="fl-8"/>
      </object_component>
      <object_component id="oc-20d">
         <name>.debug_info</name>
         <load_address>0x3249</load_address>
         <run_address>0x3249</run_address>
         <size>0x1e3</size>
         <input_file_ref idref="fl-8"/>
      </object_component>
      <object_component id="oc-100">
         <name>.debug_info</name>
         <load_address>0x342c</load_address>
         <run_address>0x342c</run_address>
         <size>0x216</size>
         <input_file_ref idref="fl-8"/>
      </object_component>
      <object_component id="oc-1c9">
         <name>.debug_info</name>
         <load_address>0x3642</load_address>
         <run_address>0x3642</run_address>
         <size>0x110</size>
         <input_file_ref idref="fl-8"/>
      </object_component>
      <object_component id="oc-217">
         <name>.debug_info</name>
         <load_address>0x3752</load_address>
         <run_address>0x3752</run_address>
         <size>0x7ef</size>
         <input_file_ref idref="fl-9"/>
      </object_component>
      <object_component id="oc-2fe">
         <name>.debug_info</name>
         <load_address>0x3f41</load_address>
         <run_address>0x3f41</run_address>
         <size>0x2b8</size>
         <input_file_ref idref="fl-9"/>
      </object_component>
      <object_component id="oc-37c">
         <name>.debug_info</name>
         <load_address>0x41f9</load_address>
         <run_address>0x41f9</run_address>
         <size>0x238</size>
         <input_file_ref idref="fl-9"/>
      </object_component>
      <object_component id="oc-388">
         <name>.debug_info</name>
         <load_address>0x4431</load_address>
         <run_address>0x4431</run_address>
         <size>0x235</size>
         <input_file_ref idref="fl-9"/>
      </object_component>
      <object_component id="oc-27c">
         <name>.debug_info</name>
         <load_address>0x4666</load_address>
         <run_address>0x4666</run_address>
         <size>0x561</size>
         <input_file_ref idref="fl-9"/>
      </object_component>
      <object_component id="oc-304">
         <name>.debug_info</name>
         <load_address>0x4bc7</load_address>
         <run_address>0x4bc7</run_address>
         <size>0x236</size>
         <input_file_ref idref="fl-9"/>
      </object_component>
      <object_component id="oc-310">
         <name>.debug_info</name>
         <load_address>0x4dfd</load_address>
         <run_address>0x4dfd</run_address>
         <size>0x29e</size>
         <input_file_ref idref="fl-9"/>
      </object_component>
      <object_component id="oc-211">
         <name>.debug_info</name>
         <load_address>0x509b</load_address>
         <run_address>0x509b</run_address>
         <size>0x4d1</size>
         <input_file_ref idref="fl-9"/>
      </object_component>
      <object_component id="oc-254">
         <name>.debug_info</name>
         <load_address>0x556c</load_address>
         <run_address>0x556c</run_address>
         <size>0x364</size>
         <input_file_ref idref="fl-9"/>
      </object_component>
      <object_component id="oc-400">
         <name>.debug_info</name>
         <load_address>0x58d0</load_address>
         <run_address>0x58d0</run_address>
         <size>0x2bc</size>
         <input_file_ref idref="fl-9"/>
      </object_component>
      <object_component id="oc-324">
         <name>.debug_info</name>
         <load_address>0x5b8c</load_address>
         <run_address>0x5b8c</run_address>
         <size>0x31a</size>
         <input_file_ref idref="fl-9"/>
      </object_component>
      <object_component id="oc-130">
         <name>.debug_info</name>
         <load_address>0x5ea6</load_address>
         <run_address>0x5ea6</run_address>
         <size>0x279</size>
         <input_file_ref idref="fl-9"/>
      </object_component>
      <object_component id="oc-45c">
         <name>.debug_info</name>
         <load_address>0x611f</load_address>
         <run_address>0x611f</run_address>
         <size>0x30d</size>
         <input_file_ref idref="fl-9"/>
      </object_component>
      <object_component id="oc-32a">
         <name>.debug_info</name>
         <load_address>0x642c</load_address>
         <run_address>0x642c</run_address>
         <size>0x235</size>
         <input_file_ref idref="fl-9"/>
      </object_component>
      <object_component id="oc-31e">
         <name>.debug_info</name>
         <load_address>0x6661</load_address>
         <run_address>0x6661</run_address>
         <size>0x1cd</size>
         <input_file_ref idref="fl-9"/>
      </object_component>
      <object_component id="oc-1bf">
         <name>.debug_info</name>
         <load_address>0x682e</load_address>
         <run_address>0x682e</run_address>
         <size>0x35</size>
         <input_file_ref idref="fl-9"/>
      </object_component>
      <object_component id="oc-e3">
         <name>.debug_info</name>
         <load_address>0x6863</load_address>
         <run_address>0x6863</run_address>
         <size>0x7b2</size>
         <input_file_ref idref="fl-a"/>
      </object_component>
      <object_component id="oc-8f">
         <name>.debug_info</name>
         <load_address>0x7015</load_address>
         <run_address>0x7015</run_address>
         <size>0x321</size>
         <input_file_ref idref="fl-a"/>
      </object_component>
      <object_component id="oc-f3">
         <name>.debug_info</name>
         <load_address>0x7336</load_address>
         <run_address>0x7336</run_address>
         <size>0x11d</size>
         <input_file_ref idref="fl-a"/>
      </object_component>
      <object_component id="oc-350">
         <name>.debug_info</name>
         <load_address>0x7453</load_address>
         <run_address>0x7453</run_address>
         <size>0x11d</size>
         <input_file_ref idref="fl-a"/>
      </object_component>
      <object_component id="oc-353">
         <name>.debug_info</name>
         <load_address>0x7570</load_address>
         <run_address>0x7570</run_address>
         <size>0x11d</size>
         <input_file_ref idref="fl-a"/>
      </object_component>
      <object_component id="oc-109">
         <name>.debug_info</name>
         <load_address>0x768d</load_address>
         <run_address>0x768d</run_address>
         <size>0x15f</size>
         <input_file_ref idref="fl-a"/>
      </object_component>
      <object_component id="oc-356">
         <name>.debug_info</name>
         <load_address>0x77ec</load_address>
         <run_address>0x77ec</run_address>
         <size>0x11d</size>
         <input_file_ref idref="fl-a"/>
      </object_component>
      <object_component id="oc-359">
         <name>.debug_info</name>
         <load_address>0x7909</load_address>
         <run_address>0x7909</run_address>
         <size>0x12b</size>
         <input_file_ref idref="fl-a"/>
      </object_component>
      <object_component id="oc-35c">
         <name>.debug_info</name>
         <load_address>0x7a34</load_address>
         <run_address>0x7a34</run_address>
         <size>0x11f</size>
         <input_file_ref idref="fl-a"/>
      </object_component>
      <object_component id="oc-f7">
         <name>.debug_info</name>
         <load_address>0x7b53</load_address>
         <run_address>0x7b53</run_address>
         <size>0x1e9</size>
         <input_file_ref idref="fl-a"/>
      </object_component>
      <object_component id="oc-9c">
         <name>.debug_info</name>
         <load_address>0x7d3c</load_address>
         <run_address>0x7d3c</run_address>
         <size>0x2b9</size>
         <input_file_ref idref="fl-a"/>
      </object_component>
      <object_component id="oc-2e0">
         <name>.debug_info</name>
         <load_address>0x7ff5</load_address>
         <run_address>0x7ff5</run_address>
         <size>0x281</size>
         <input_file_ref idref="fl-a"/>
      </object_component>
      <object_component id="oc-316">
         <name>.debug_info</name>
         <load_address>0x8276</load_address>
         <run_address>0x8276</run_address>
         <size>0x28a</size>
         <input_file_ref idref="fl-a"/>
      </object_component>
      <object_component id="oc-3f8">
         <name>.debug_info</name>
         <load_address>0x8500</load_address>
         <run_address>0x8500</run_address>
         <size>0x26b</size>
         <input_file_ref idref="fl-a"/>
      </object_component>
      <object_component id="oc-396">
         <name>.debug_info</name>
         <load_address>0x876b</load_address>
         <run_address>0x876b</run_address>
         <size>0x244</size>
         <input_file_ref idref="fl-a"/>
      </object_component>
      <object_component id="oc-142">
         <name>.debug_info</name>
         <load_address>0x89af</load_address>
         <run_address>0x89af</run_address>
         <size>0x1dc</size>
         <input_file_ref idref="fl-a"/>
      </object_component>
      <object_component id="oc-24e">
         <name>.debug_info</name>
         <load_address>0x8b8b</load_address>
         <run_address>0x8b8b</run_address>
         <size>0x1ee</size>
         <input_file_ref idref="fl-a"/>
      </object_component>
      <object_component id="oc-228">
         <name>.debug_info</name>
         <load_address>0x8d79</load_address>
         <run_address>0x8d79</run_address>
         <size>0x2cf</size>
         <input_file_ref idref="fl-a"/>
      </object_component>
      <object_component id="oc-22e">
         <name>.debug_info</name>
         <load_address>0x9048</load_address>
         <run_address>0x9048</run_address>
         <size>0x2cb</size>
         <input_file_ref idref="fl-a"/>
      </object_component>
      <object_component id="oc-240">
         <name>.debug_info</name>
         <load_address>0x9313</load_address>
         <run_address>0x9313</run_address>
         <size>0x250</size>
         <input_file_ref idref="fl-a"/>
      </object_component>
      <object_component id="oc-13c">
         <name>.debug_info</name>
         <load_address>0x9563</load_address>
         <run_address>0x9563</run_address>
         <size>0x486</size>
         <input_file_ref idref="fl-a"/>
      </object_component>
      <object_component id="oc-2f2">
         <name>.debug_info</name>
         <load_address>0x99e9</load_address>
         <run_address>0x99e9</run_address>
         <size>0x1ff</size>
         <input_file_ref idref="fl-a"/>
      </object_component>
      <object_component id="oc-2f8">
         <name>.debug_info</name>
         <load_address>0x9be8</load_address>
         <run_address>0x9be8</run_address>
         <size>0x2d3</size>
         <input_file_ref idref="fl-a"/>
      </object_component>
      <object_component id="oc-95">
         <name>.debug_info</name>
         <load_address>0x9ebb</load_address>
         <run_address>0x9ebb</run_address>
         <size>0x24a</size>
         <input_file_ref idref="fl-a"/>
      </object_component>
      <object_component id="oc-2d4">
         <name>.debug_info</name>
         <load_address>0xa105</load_address>
         <run_address>0xa105</run_address>
         <size>0x1bf</size>
         <input_file_ref idref="fl-a"/>
      </object_component>
      <object_component id="oc-14e">
         <name>.debug_info</name>
         <load_address>0xa2c4</load_address>
         <run_address>0xa2c4</run_address>
         <size>0x216</size>
         <input_file_ref idref="fl-a"/>
      </object_component>
      <object_component id="oc-382">
         <name>.debug_info</name>
         <load_address>0xa4da</load_address>
         <run_address>0xa4da</run_address>
         <size>0x250</size>
         <input_file_ref idref="fl-a"/>
      </object_component>
      <object_component id="oc-472">
         <name>.debug_info</name>
         <load_address>0xa72a</load_address>
         <run_address>0xa72a</run_address>
         <size>0x31d</size>
         <input_file_ref idref="fl-a"/>
      </object_component>
      <object_component id="oc-30a">
         <name>.debug_info</name>
         <load_address>0xaa47</load_address>
         <run_address>0xaa47</run_address>
         <size>0x2b0</size>
         <input_file_ref idref="fl-a"/>
      </object_component>
      <object_component id="oc-3e9">
         <name>.debug_info</name>
         <load_address>0xacf7</load_address>
         <run_address>0xacf7</run_address>
         <size>0x1c1</size>
         <input_file_ref idref="fl-a"/>
      </object_component>
      <object_component id="oc-288">
         <name>.debug_info</name>
         <load_address>0xaeb8</load_address>
         <run_address>0xaeb8</run_address>
         <size>0x27d</size>
         <input_file_ref idref="fl-a"/>
      </object_component>
      <object_component id="oc-38e">
         <name>.debug_info</name>
         <load_address>0xb135</load_address>
         <run_address>0xb135</run_address>
         <size>0x1df</size>
         <input_file_ref idref="fl-a"/>
      </object_component>
      <object_component id="oc-431">
         <name>.debug_info</name>
         <load_address>0xb314</load_address>
         <run_address>0xb314</run_address>
         <size>0x1fe</size>
         <input_file_ref idref="fl-a"/>
      </object_component>
      <object_component id="oc-375">
         <name>.debug_info</name>
         <load_address>0xb512</load_address>
         <run_address>0xb512</run_address>
         <size>0x294</size>
         <input_file_ref idref="fl-a"/>
      </object_component>
      <object_component id="oc-272">
         <name>.debug_info</name>
         <load_address>0xb7a6</load_address>
         <run_address>0xb7a6</run_address>
         <size>0x1f7</size>
         <input_file_ref idref="fl-a"/>
      </object_component>
      <object_component id="oc-1ab">
         <name>.debug_info</name>
         <load_address>0xb99d</load_address>
         <run_address>0xb99d</run_address>
         <size>0x169</size>
         <input_file_ref idref="fl-a"/>
      </object_component>
      <object_component id="oc-226">
         <name>.debug_info</name>
         <load_address>0xbb06</load_address>
         <run_address>0xbb06</run_address>
         <size>0x80a</size>
         <input_file_ref idref="fl-b"/>
      </object_component>
      <object_component id="oc-330">
         <name>.debug_info</name>
         <load_address>0xc310</load_address>
         <run_address>0xc310</run_address>
         <size>0x11e</size>
         <input_file_ref idref="fl-b"/>
      </object_component>
      <object_component id="oc-333">
         <name>.debug_info</name>
         <load_address>0xc42e</load_address>
         <run_address>0xc42e</run_address>
         <size>0x11e</size>
         <input_file_ref idref="fl-b"/>
      </object_component>
      <object_component id="oc-336">
         <name>.debug_info</name>
         <load_address>0xc54c</load_address>
         <run_address>0xc54c</run_address>
         <size>0x156</size>
         <input_file_ref idref="fl-b"/>
      </object_component>
      <object_component id="oc-25a">
         <name>.debug_info</name>
         <load_address>0xc6a2</load_address>
         <run_address>0xc6a2</run_address>
         <size>0x112</size>
         <input_file_ref idref="fl-b"/>
      </object_component>
      <object_component id="oc-148">
         <name>.debug_info</name>
         <load_address>0xc7b4</load_address>
         <run_address>0xc7b4</run_address>
         <size>0x3a7</size>
         <input_file_ref idref="fl-b"/>
      </object_component>
      <object_component id="oc-21a">
         <name>.debug_info</name>
         <load_address>0xcb5b</load_address>
         <run_address>0xcb5b</run_address>
         <size>0x26c</size>
         <input_file_ref idref="fl-b"/>
      </object_component>
      <object_component id="oc-266">
         <name>.debug_info</name>
         <load_address>0xcdc7</load_address>
         <run_address>0xcdc7</run_address>
         <size>0x223</size>
         <input_file_ref idref="fl-b"/>
      </object_component>
      <object_component id="oc-136">
         <name>.debug_info</name>
         <load_address>0xcfea</load_address>
         <run_address>0xcfea</run_address>
         <size>0x36f</size>
         <input_file_ref idref="fl-b"/>
      </object_component>
      <object_component id="oc-41e">
         <name>.debug_info</name>
         <load_address>0xd359</load_address>
         <run_address>0xd359</run_address>
         <size>0x240</size>
         <input_file_ref idref="fl-b"/>
      </object_component>
      <object_component id="oc-46b">
         <name>.debug_info</name>
         <load_address>0xd599</load_address>
         <run_address>0xd599</run_address>
         <size>0x282</size>
         <input_file_ref idref="fl-b"/>
      </object_component>
      <object_component id="oc-25c">
         <name>.debug_info</name>
         <load_address>0xd81b</load_address>
         <run_address>0xd81b</run_address>
         <size>0x2a5</size>
         <input_file_ref idref="fl-b"/>
      </object_component>
      <object_component id="oc-464">
         <name>.debug_info</name>
         <load_address>0xdac0</load_address>
         <run_address>0xdac0</run_address>
         <size>0x306</size>
         <input_file_ref idref="fl-b"/>
      </object_component>
      <object_component id="oc-456">
         <name>.debug_info</name>
         <load_address>0xddc6</load_address>
         <run_address>0xddc6</run_address>
         <size>0x2bc</size>
         <input_file_ref idref="fl-b"/>
      </object_component>
      <object_component id="oc-423">
         <name>.debug_info</name>
         <load_address>0xe082</load_address>
         <run_address>0xe082</run_address>
         <size>0x376</size>
         <input_file_ref idref="fl-b"/>
      </object_component>
      <object_component id="oc-42a">
         <name>.debug_info</name>
         <load_address>0xe3f8</load_address>
         <run_address>0xe3f8</run_address>
         <size>0x312</size>
         <input_file_ref idref="fl-b"/>
      </object_component>
      <object_component id="oc-368">
         <name>.debug_info</name>
         <load_address>0xe70a</load_address>
         <run_address>0xe70a</run_address>
         <size>0x257</size>
         <input_file_ref idref="fl-b"/>
      </object_component>
      <object_component id="oc-260">
         <name>.debug_info</name>
         <load_address>0xe961</load_address>
         <run_address>0xe961</run_address>
         <size>0x1ce</size>
         <input_file_ref idref="fl-b"/>
      </object_component>
      <object_component id="oc-eb">
         <name>.debug_info</name>
         <load_address>0xeb2f</load_address>
         <run_address>0xeb2f</run_address>
         <size>0x3dd</size>
         <input_file_ref idref="fl-c"/>
      </object_component>
      <object_component id="oc-92">
         <name>.debug_info</name>
         <load_address>0xef0c</load_address>
         <run_address>0xef0c</run_address>
         <size>0x14b</size>
         <input_file_ref idref="fl-c"/>
      </object_component>
      <object_component id="oc-34c">
         <name>.debug_info</name>
         <load_address>0xf057</load_address>
         <run_address>0xf057</run_address>
         <size>0x132</size>
         <input_file_ref idref="fl-c"/>
      </object_component>
      <object_component id="oc-46">
         <name>.debug_info</name>
         <load_address>0xf189</load_address>
         <run_address>0xf189</run_address>
         <size>0x21f</size>
         <input_file_ref idref="fl-c"/>
      </object_component>
      <object_component id="oc-36f">
         <name>.debug_info</name>
         <load_address>0xf3a8</load_address>
         <run_address>0xf3a8</run_address>
         <size>0x210</size>
         <input_file_ref idref="fl-c"/>
      </object_component>
      <object_component id="oc-26d">
         <name>.debug_info</name>
         <load_address>0xf5b8</load_address>
         <run_address>0xf5b8</run_address>
         <size>0x258</size>
         <input_file_ref idref="fl-c"/>
      </object_component>
      <object_component id="oc-247">
         <name>.debug_info</name>
         <load_address>0xf810</load_address>
         <run_address>0xf810</run_address>
         <size>0x202</size>
         <input_file_ref idref="fl-c"/>
      </object_component>
      <object_component id="oc-23b">
         <name>.debug_info</name>
         <load_address>0xfa12</load_address>
         <run_address>0xfa12</run_address>
         <size>0x204</size>
         <input_file_ref idref="fl-c"/>
      </object_component>
      <object_component id="oc-235">
         <name>.debug_info</name>
         <load_address>0xfc16</load_address>
         <run_address>0xfc16</run_address>
         <size>0x2b9</size>
         <input_file_ref idref="fl-c"/>
      </object_component>
      <object_component id="oc-345">
         <name>.debug_info</name>
         <load_address>0xfecf</load_address>
         <run_address>0xfecf</run_address>
         <size>0x1f2</size>
         <input_file_ref idref="fl-c"/>
      </object_component>
      <object_component id="oc-42">
         <name>.debug_info</name>
         <load_address>0x100c1</load_address>
         <run_address>0x100c1</run_address>
         <size>0x280</size>
         <input_file_ref idref="fl-d"/>
      </object_component>
      <object_component id="oc-2ef">
         <name>.debug_info</name>
         <load_address>0x10341</load_address>
         <run_address>0x10341</run_address>
         <size>0x3a6</size>
         <input_file_ref idref="fl-e"/>
      </object_component>
      <object_component id="oc-3d5">
         <name>.debug_info</name>
         <load_address>0x106e7</load_address>
         <run_address>0x106e7</run_address>
         <size>0x119</size>
         <input_file_ref idref="fl-e"/>
      </object_component>
      <object_component id="oc-2e9">
         <name>.debug_info</name>
         <load_address>0x10800</load_address>
         <run_address>0x10800</run_address>
         <size>0x119</size>
         <input_file_ref idref="fl-e"/>
      </object_component>
      <object_component id="oc-2ec">
         <name>.debug_info</name>
         <load_address>0x10919</load_address>
         <run_address>0x10919</run_address>
         <size>0x115</size>
         <input_file_ref idref="fl-e"/>
      </object_component>
      <object_component id="oc-2e6">
         <name>.debug_info</name>
         <load_address>0x10a2e</load_address>
         <run_address>0x10a2e</run_address>
         <size>0x133</size>
         <input_file_ref idref="fl-e"/>
      </object_component>
      <object_component id="oc-33d">
         <name>.debug_info</name>
         <load_address>0x10b61</load_address>
         <run_address>0x10b61</run_address>
         <size>0x27b</size>
         <input_file_ref idref="fl-e"/>
      </object_component>
      <object_component id="oc-2da">
         <name>.debug_info</name>
         <load_address>0x10ddc</load_address>
         <run_address>0x10ddc</run_address>
         <size>0x1ec</size>
         <input_file_ref idref="fl-e"/>
      </object_component>
      <object_component id="oc-206">
         <name>.debug_info</name>
         <load_address>0x10fc8</load_address>
         <run_address>0x10fc8</run_address>
         <size>0x35e</size>
         <input_file_ref idref="fl-e"/>
      </object_component>
      <object_component id="oc-3dd">
         <name>.debug_info</name>
         <load_address>0x11326</load_address>
         <run_address>0x11326</run_address>
         <size>0x62</size>
         <input_file_ref idref="fl-e"/>
      </object_component>
      <object_component id="oc-1fe">
         <name>.debug_info</name>
         <load_address>0x11388</load_address>
         <run_address>0x11388</run_address>
         <size>0x2bc</size>
         <input_file_ref idref="fl-f"/>
      </object_component>
      <object_component id="oc-2bf">
         <name>.debug_info</name>
         <load_address>0x11644</load_address>
         <run_address>0x11644</run_address>
         <size>0xfd</size>
         <input_file_ref idref="fl-f"/>
      </object_component>
      <object_component id="oc-2bc">
         <name>.debug_info</name>
         <load_address>0x11741</load_address>
         <run_address>0x11741</run_address>
         <size>0x105</size>
         <input_file_ref idref="fl-f"/>
      </object_component>
      <object_component id="oc-2b9">
         <name>.debug_info</name>
         <load_address>0x11846</load_address>
         <run_address>0x11846</run_address>
         <size>0x109</size>
         <input_file_ref idref="fl-f"/>
      </object_component>
      <object_component id="oc-2c8">
         <name>.debug_info</name>
         <load_address>0x1194f</load_address>
         <run_address>0x1194f</run_address>
         <size>0x1f4</size>
         <input_file_ref idref="fl-f"/>
      </object_component>
      <object_component id="oc-1f9">
         <name>.debug_info</name>
         <load_address>0x11b43</load_address>
         <run_address>0x11b43</run_address>
         <size>0x326</size>
         <input_file_ref idref="fl-f"/>
      </object_component>
      <object_component id="oc-12c">
         <name>.debug_info</name>
         <load_address>0x11e69</load_address>
         <run_address>0x11e69</run_address>
         <size>0x1c1</size>
         <input_file_ref idref="fl-f"/>
      </object_component>
      <object_component id="oc-2c1">
         <name>.debug_info</name>
         <load_address>0x1202a</load_address>
         <run_address>0x1202a</run_address>
         <size>0x23f</size>
         <input_file_ref idref="fl-f"/>
      </object_component>
      <object_component id="oc-1f3">
         <name>.debug_info</name>
         <load_address>0x12269</load_address>
         <run_address>0x12269</run_address>
         <size>0x257</size>
         <input_file_ref idref="fl-f"/>
      </object_component>
      <object_component id="oc-59">
         <name>.debug_info</name>
         <load_address>0x124c0</load_address>
         <run_address>0x124c0</run_address>
         <size>0x119</size>
         <input_file_ref idref="fl-cc"/>
      </object_component>
      <object_component id="oc-2cc">
         <name>.debug_info</name>
         <load_address>0x125d9</load_address>
         <run_address>0x125d9</run_address>
         <size>0x142</size>
         <input_file_ref idref="fl-cd"/>
      </object_component>
      <object_component id="oc-c5">
         <name>.debug_info</name>
         <load_address>0x1271b</load_address>
         <run_address>0x1271b</run_address>
         <size>0x147</size>
         <input_file_ref idref="fl-ce"/>
      </object_component>
      <object_component id="oc-c2">
         <name>.debug_info</name>
         <load_address>0x12862</load_address>
         <run_address>0x12862</run_address>
         <size>0x2d4</size>
         <input_file_ref idref="fl-cf"/>
      </object_component>
      <object_component id="oc-6c">
         <name>.debug_info</name>
         <load_address>0x12b36</load_address>
         <run_address>0x12b36</run_address>
         <size>0x1b5</size>
         <input_file_ref idref="fl-cf"/>
      </object_component>
      <object_component id="oc-bd">
         <name>.debug_info</name>
         <load_address>0x12ceb</load_address>
         <run_address>0x12ceb</run_address>
         <size>0x46</size>
         <input_file_ref idref="fl-cf"/>
      </object_component>
      <object_component id="oc-11a">
         <name>.debug_info</name>
         <load_address>0x12d31</load_address>
         <run_address>0x12d31</run_address>
         <size>0x2c</size>
         <input_file_ref idref="fl-cf"/>
      </object_component>
      <object_component id="oc-63">
         <name>.debug_info</name>
         <load_address>0x12d5d</load_address>
         <run_address>0x12d5d</run_address>
         <size>0x2a8</size>
         <input_file_ref idref="fl-d0"/>
      </object_component>
      <object_component id="oc-1c">
         <name>.debug_info</name>
         <load_address>0x13005</load_address>
         <run_address>0x13005</run_address>
         <size>0x1ea</size>
         <input_file_ref idref="fl-d0"/>
      </object_component>
      <object_component id="oc-5e">
         <name>.debug_info</name>
         <load_address>0x131ef</load_address>
         <run_address>0x131ef</run_address>
         <size>0x46</size>
         <input_file_ref idref="fl-d0"/>
      </object_component>
      <object_component id="oc-b5">
         <name>.debug_info</name>
         <load_address>0x13235</load_address>
         <run_address>0x13235</run_address>
         <size>0x2c</size>
         <input_file_ref idref="fl-d0"/>
      </object_component>
      <object_component id="oc-b3">
         <name>.debug_info</name>
         <load_address>0x13261</load_address>
         <run_address>0x13261</run_address>
         <size>0x29e</size>
         <input_file_ref idref="fl-d1"/>
      </object_component>
      <object_component id="oc-18">
         <name>.debug_info</name>
         <load_address>0x134ff</load_address>
         <run_address>0x134ff</run_address>
         <size>0x250</size>
         <input_file_ref idref="fl-d1"/>
      </object_component>
      <object_component id="oc-4e">
         <name>.debug_info</name>
         <load_address>0x1374f</load_address>
         <run_address>0x1374f</run_address>
         <size>0x60</size>
         <input_file_ref idref="fl-d1"/>
      </object_component>
      <object_component id="oc-113">
         <name>.debug_info</name>
         <load_address>0x137af</load_address>
         <run_address>0x137af</run_address>
         <size>0x46</size>
         <input_file_ref idref="fl-d1"/>
      </object_component>
      <object_component id="oc-ae">
         <name>.debug_info</name>
         <load_address>0x137f5</load_address>
         <run_address>0x137f5</run_address>
         <size>0x39</size>
         <input_file_ref idref="fl-d1"/>
      </object_component>
      <object_component id="oc-25">
         <name>.debug_info</name>
         <load_address>0x1382e</load_address>
         <run_address>0x1382e</run_address>
         <size>0x10b</size>
         <input_file_ref idref="fl-d2"/>
      </object_component>
      <object_component id="oc-78">
         <name>.debug_info</name>
         <load_address>0x13939</load_address>
         <run_address>0x13939</run_address>
         <size>0x1a9</size>
         <input_file_ref idref="fl-d2"/>
      </object_component>
      <object_component id="oc-3d0">
         <name>.debug_info</name>
         <load_address>0x13ae2</load_address>
         <run_address>0x13ae2</run_address>
         <size>0x115</size>
         <input_file_ref idref="fl-d3"/>
      </object_component>
      <object_component id="oc-29a">
         <name>.debug_info</name>
         <load_address>0x13bf7</load_address>
         <run_address>0x13bf7</run_address>
         <size>0x4b3</size>
         <input_file_ref idref="fl-d4"/>
      </object_component>
      <object_component id="oc-178">
[...]
      </memory_area>
      <memory_area display="yes" color="green">
         <name>SRAM</name>
         <page_id>0x0</page_id>
         <origin>0x20000000</origin>
         <length>0x8000</length>
         <used_space>0x79e4</used_space>
         <unused_space>0x61c</unused_space>
         <attributes>RWX</attributes>
         <usage_details>
            <allocated_space>
               <start_address>0x20000000</start_address>
               <size>0x0</size>
               <logical_group_ref idref="lg-47d"/>
            </allocated_space>
            <allocated_space>
               <start_address>0x20000000</start_address>
               <size>0x7774</size>
               <logical_group_ref idref="lg-b"/>
            </allocated_space>
            <available_space>
               <start_address>0x20007774</start_address>
               <size>0x4</size>
            </available_space>
            <allocated_space>
               <start_address>0x20007778</start_address>
               <size>0x200</size>
               <logical_group_ref idref="lg-d"/>
            </allocated_space>
            <allocated_space>
               <start_address>0x20007978</start_address>
               <size>0x70</size>
               <logical_group_ref idref="lg-a"/>
            </allocated_space>
            <available_space>
               <start_address>0x200079e8</start_address>
               <size>0x618</size>
            </available_space>
         </usage_details>
      </memory_area>
   </placement_map>
   <cptbl_list>
      <cptbl>
         <name>__TI_cinit_table</name>
         <cprec>
            <name>.data</name>
            <load_address>0x2078</load_address>
            <load_size>0x1d</load_size>
            <run_address>0x20007978</run_address>
            <run_size>0x70</run_size>
            <compression>lzss</compression>
         </cprec>
         <cprec>
            <name>.bss</name>
            <load_address>0x20a8</load_address>
            <load_size>0x8</load_size>
            <run_address>0x20000000</run_address>
            <run_size>0x7774</run_size>
            <compression>zero_init</compression>
         </cprec>
      </cptbl>
   </cptbl_list>
   <handler_table>
      <handler_table_name>__TI_handler_table</handler_table_name>
      <handler>
         <index>0x0</index>
         <name>__TI_decompress_lzss</name>
      </handler>
      <handler>
         <index>0x1</index>
         <name>__TI_decompress_none</name>
      </handler>
      <handler>
         <index>0x2</index>
         <name>__TI_zero_init</name>
      </handler>
   </handler_table>
   <symbol_table>
      <symbol id="sm-1">
         <name>__STACK_TOP</name>
         <value>0x20007978</value>
      </symbol>
      <symbol id="sm-2">
         <name>__start___llvm_prf_cnts</name>
         <value>0x20000000</value>
      </symbol>
      <symbol id="sm-3">
         <name>__stop___llvm_prf_cnts</name>
         <value>0x20000000</value>
      </symbol>
      <symbol id="sm-4">
         <name>__TI_CINIT_Base</name>
         <value>0x20b0</value>
      </symbol>
      <symbol id="sm-5">
         <name>__TI_CINIT_Limit</name>
         <value>0x20c0</value>
      </symbol>
      <symbol id="sm-6">
         <name>__TI_Handler_Table_Base</name>
         <value>0x2098</value>
      </symbol>
      <symbol id="sm-7">
         <name>__TI_Handler_Table_Limit</name>
         <value>0x20a4</value>
      </symbol>
      <symbol id="sm-8">
         <name>binit</name>
         <value>0xffffffff</value>
      </symbol>
      <symbol id="sm-9">
         <name>__binit__</name>
         <value>0xffffffff</value>
      </symbol>
      <symbol id="sm-a">
         <name>__STACK_SIZE</name>
         <value>0x200</value>
      </symbol>
      <symbol id="sm-b">
         <name>__STACK_END</name>
         <value>0x20007978</value>
      </symbol>
      <symbol id="sm-c">
         <name>__c_args__</name>
         <value>0xffffffff</value>
      </symbol>
      <symbol id="sm-d">
         <name>__TI_pprof_out_hndl</name>
         <value>0xffffffff</value>
      </symbol>
      <symbol id="sm-e">
         <name>__TI_prof_data_start</name>
         <value>0xffffffff</value>
      </symbol>
      <symbol id="sm-f">
         <name>__TI_prof_data_size</name>
         <value>0xffffffff</value>
      </symbol>
      <symbol id="sm-ee">
         <name>g_pUARTSemaphore</name>
         <value>0x2000776c</value>
      </symbol>
      <symbol id="sm-ef">
         <name>xSemaphoreMutex</name>
         <value>0x20007770</value>
      </symbol>
      <symbol id="sm-f0">
         <name>reqIterations</name>
         <value>0x200079b4</value>
         <object_component_ref idref="oc-154"/>
      </symbol>
      <symbol id="sm-f1">
         <name>syncVariableFromTask1toTask2</name>
         <value>0x200079c8</value>
         <object_component_ref idref="oc-154"/>
      </symbol>
      <symbol id="sm-f2">
         <name>vApplicationStackOverflowHook</name>
         <value>0x1897</value>
         <object_component_ref idref="oc-ec"/>
      </symbol>
      <symbol id="sm-f3">
         <name>main</name>
         <value>0x45d</value>
         <object_component_ref idref="oc-cf"/>
      </symbol>
      <symbol id="sm-f4">
         <name>ConfigureUART</name>
         <value>0x1489</value>
         <object_component_ref idref="oc-123"/>
      </symbol>
      <symbol id="sm-f5">
         <name>fib</name>
         <value>0x200079b8</value>
         <object_component_ref idref="oc-154"/>
      </symbol>
      <symbol id="sm-f6">
         <name>seqIterations</name>
         <value>0x200079b0</value>
         <object_component_ref idref="oc-154"/>
      </symbol>
      <symbol id="sm-f7">
         <name>myTimerCallback</name>
         <value>0x1273</value>
         <object_component_ref idref="oc-157"/>
      </symbol>
      <symbol id="sm-f8">
         <name>jdx</name>
         <value>0x200079ac</value>
         <object_component_ref idref="oc-154"/>
      </symbol>
      <symbol id="sm-f9">
         <name>FIB_TEST</name>
         <value>0x12e5</value>
         <object_component_ref idref="oc-281"/>
      </symbol>
      <symbol id="sm-fa">
         <name>fib1</name>
         <value>0x200079c0</value>
         <object_component_ref idref="oc-154"/>
      </symbol>
      <symbol id="sm-fb">
         <name>fib0</name>
         <value>0x200079bc</value>
         <object_component_ref idref="oc-154"/>
      </symbol>
      <symbol id="sm-fc">
         <name>idx</name>
         <value>0x200079a8</value>
         <object_component_ref idref="oc-154"/>
      </symbol>
      <symbol id="sm-12e">
         <name>ResetISR</name>
         <value>0x203d</value>
         <object_component_ref idref="oc-27"/>
      </symbol>
      <symbol id="sm-12f">
         <name>g_pfnVectors</name>
         <value>0x0</value>
         <object_component_ref idref="oc-12"/>
      </symbol>
      <symbol id="sm-167">
         <name>uxListRemove</name>
         <value>0x1e61</value>
         <object_component_ref idref="oc-fc"/>
      </symbol>
      <symbol id="sm-168">
         <name>vListInsert</name>
         <value>0x1cd9</value>
         <object_component_ref idref="oc-3f0"/>
      </symbol>
      <symbol id="sm-169">
         <name>vListInitialiseItem</name>
         <value>0x2049</value>
         <object_component_ref idref="oc-21f"/>
      </symbol>
      <symbol id="sm-16a">
         <name>vListInsertEnd</name>
         <value>0x1f45</value>
         <object_component_ref idref="oc-102"/>
      </symbol>
      <symbol id="sm-16b">
         <name>vListInitialise</name>
         <value>0x1f8d</value>
         <object_component_ref idref="oc-20a"/>
      </symbol>
      <symbol id="sm-222">
         <name>xQueueRegistry</name>
         <value>0x20007670</value>
      </symbol>
      <symbol id="sm-223">
         <name>xQueueGenericSendFromISR</name>
         <value>0x178d</value>
         <object_component_ref idref="oc-253"/>
      </symbol>
      <symbol id="sm-224">
         <name>vQueueAddToRegistry</name>
         <value>0x1e81</value>
         <object_component_ref idref="oc-329"/>
      </symbol>
      <symbol id="sm-225">
         <name>xQueueGenericCreate</name>
         <value>0x1c29</value>
         <object_component_ref idref="oc-323"/>
      </symbol>
      <symbol id="sm-226">
         <name>xQueueCreateMutex</name>
         <value>0x18ed</value>
         <object_component_ref idref="oc-12f"/>
      </symbol>
      <symbol id="sm-227">
         <name>xQueueGenericSend</name>
         <value>0x911</value>
         <object_component_ref idref="oc-210"/>
      </symbol>
      <symbol id="sm-228">
         <name>xQueueGenericReset</name>
         <value>0x1015</value>
         <object_component_ref idref="oc-3ff"/>
      </symbol>
      <symbol id="sm-229">
         <name>xQueueGenericReceive</name>
         <value>0x5f5</value>
         <object_component_ref idref="oc-27b"/>
      </symbol>
      <symbol id="sm-22a">
         <name>vQueueWaitForMessageRestricted</name>
         <value>0x1b69</value>
         <object_component_ref idref="oc-45b"/>
      </symbol>
      <symbol id="sm-401">
         <name>vTaskDelay</name>
         <value>0x1731</value>
         <object_component_ref idref="oc-287"/>
      </symbol>
      <symbol id="sm-402">
         <name>vTaskSuspendAll</name>
         <value>0x1ff1</value>
         <object_component_ref idref="oc-2d3"/>
      </symbol>
      <symbol id="sm-403">
         <name>vTaskPriorityInherit</name>
         <value>0xef9</value>
         <object_component_ref idref="oc-381"/>
      </symbol>
      <symbol id="sm-404">
         <name>vTaskPlaceOnEventList</name>
         <value>0x14ed</value>
         <object_component_ref idref="oc-309"/>
      </symbol>
      <symbol id="sm-405">
         <name>xTaskCheckForTimeOut</name>
         <value>0x1899</value>
         <object_component_ref idref="oc-2f7"/>
      </symbol>
      <symbol id="sm-406">
         <name>xTaskPriorityDisinherit</name>
         <value>0x1115</value>
         <object_component_ref idref="oc-3f7"/>
      </symbol>
      <symbol id="sm-407">
         <name>vTaskStartScheduler</name>
         <value>0x1421</value>
         <object_component_ref idref="oc-14d"/>
      </symbol>
      <symbol id="sm-408">
         <name>pvTaskIncrementMutexHeldCount</name>
         <value>0x1f2d</value>
         <object_component_ref idref="oc-38d"/>
      </symbol>
      <symbol id="sm-409">
         <name>vTaskMissedYield</name>
         <value>0x201d</value>
         <object_component_ref idref="oc-3e8"/>
      </symbol>
      <symbol id="sm-40a">
         <name>xTaskResumeAll</name>
         <value>0x9f9</value>
         <object_component_ref idref="oc-2df"/>
      </symbol>
      <symbol id="sm-40b">
         <name>xTaskGetTickCount</name>
         <value>0x2029</value>
         <object_component_ref idref="oc-141"/>
      </symbol>
      <symbol id="sm-40c">
         <name>xTaskGenericCreate</name>
         <value>0x811</value>
         <object_component_ref idref="oc-13b"/>
      </symbol>
      <symbol id="sm-40d">
         <name>pxCurrentTCB</name>
         <value>0x20007978</value>
         <object_component_ref idref="oc-8e"/>
      </symbol>
      <symbol id="sm-40e">
         <name>vTaskPlaceOnEventListRestricted</name>
         <value>0x13b9</value>
         <object_component_ref idref="oc-471"/>
      </symbol>
      <symbol id="sm-40f">
         <name>vTaskSetTimeOutState</name>
         <value>0x1f75</value>
         <object_component_ref idref="oc-2f1"/>
      </symbol>
      <symbol id="sm-410">
         <name>xTaskIncrementTick</name>
         <value>0x70d</value>
         <object_component_ref idref="oc-9b"/>
      </symbol>
      <symbol id="sm-411">
         <name>vTaskSwitchContext</name>
         <value>0xf89</value>
         <object_component_ref idref="oc-94"/>
      </symbol>
      <symbol id="sm-412">
         <name>xTaskGetSchedulerState</name>
         <value>0x1ea1</value>
         <object_component_ref idref="oc-24d"/>
      </symbol>
      <symbol id="sm-413">
         <name>xTaskRemoveFromEventList</name>
         <value>0x118d</value>
         <object_component_ref idref="oc-315"/>
      </symbol>
      <symbol id="sm-4e0">
         <name>xTimerCreateTimerTask</name>
         <value>0x1be9</value>
         <object_component_ref idref="oc-265"/>
      </symbol>
      <symbol id="sm-4e1">
         <name>xTimerCreate</name>
         <value>0x1c9f</value>
         <object_component_ref idref="oc-135"/>
      </symbol>
      <symbol id="sm-4e2">
         <name>xTimerGenericCommand</name>
         <value>0x1ae5</value>
         <object_component_ref idref="oc-147"/>
      </symbol>
      <symbol id="sm-53c">
         <name>ulMaxSyscallInterruptPriority</name>
         <value>0x2070</value>
         <object_component_ref idref="oc-91"/>
      </symbol>
      <symbol id="sm-53d">
         <name>vPortSetupTimerInterrupt</name>
         <value>0x1fb9</value>
         <object_component_ref idref="oc-36d"/>
      </symbol>
      <symbol id="sm-53e">
         <name>xPortSysTickHandler</name>
         <value>0x1d75</value>
         <object_component_ref idref="oc-44"/>
      </symbol>
      <symbol id="sm-53f">
         <name>pxPortInitialiseStack</name>
         <value>0x1df1</value>
         <object_component_ref idref="oc-233"/>
      </symbol>
      <symbol id="sm-540">
         <name>vPortExitCritical</name>
         <value>0x1f5d</value>
         <object_component_ref idref="oc-245"/>
      </symbol>
      <symbol id="sm-541">
         <name>xPortStartScheduler</name>
         <value>0x1ba9</value>
         <object_component_ref idref="oc-26b"/>
      </symbol>
      <symbol id="sm-542">
         <name>vPortEnterCritical</name>
         <value>0x1edd</value>
         <object_component_ref idref="oc-239"/>
      </symbol>
      <symbol id="sm-551">
         <name>vPortStartFirstTask</name>
         <value>0xb85</value>
         <object_component_ref idref="oc-3f"/>
      </symbol>
      <symbol id="sm-552">
         <name>ulPortGetIPSR</name>
         <value>0xaed</value>
         <object_component_ref idref="oc-3f"/>
      </symbol>
      <symbol id="sm-553">
         <name>vPortEnableVFP</name>
         <value>0xba1</value>
         <object_component_ref idref="oc-3f"/>
      </symbol>
      <symbol id="sm-554">
         <name>xPortPendSVHandler</name>
         <value>0xb05</value>
         <object_component_ref idref="oc-3f"/>
      </symbol>
      <symbol id="sm-555">
         <name>vPortSVCHandler</name>
         <value>0xb65</value>
         <object_component_ref idref="oc-3f"/>
      </symbol>
      <symbol id="sm-5aa">
         <name>pvPortMalloc</name>
         <value>0xc61</value>
         <object_component_ref idref="oc-204"/>
      </symbol>
      <symbol id="sm-5ab">
         <name>vPortFree</name>
         <value>0x1aa1</value>
         <object_component_ref idref="oc-33c"/>
      </symbol>
      <symbol id="sm-619">
         <name>UARTStdioConfig</name>
         <value>0x15b5</value>
         <object_component_ref idref="oc-1f0"/>
      </symbol>
      <symbol id="sm-61a">
         <name>UARTwrite</name>
         <value>0x1989</value>
         <object_component_ref idref="oc-2c5"/>
      </symbol>
      <symbol id="sm-61b">
         <name>UARTprintf</name>
         <value>0x1ef9</value>
         <object_component_ref idref="oc-129"/>
      </symbol>
      <symbol id="sm-61c">
         <name>UARTvprintf</name>
         <value>0x26d</value>
         <object_component_ref idref="oc-1f7"/>
      </symbol>
      <symbol id="sm-639">
         <name>memcpy</name>
         <value>0xe5d</value>
         <object_component_ref idref="oc-58"/>
      </symbol>
      <symbol id="sm-63a">
         <name>__aeabi_memcpy</name>
         <value>0xe5d</value>
         <object_component_ref idref="oc-58"/>
      </symbol>
      <symbol id="sm-63b">
         <name>__aeabi_memcpy8</name>
         <value>0xe5d</value>
         <object_component_ref idref="oc-58"/>
      </symbol>
      <symbol id="sm-63c">
         <name>__aeabi_memcpy4</name>
         <value>0xe5d</value>
         <object_component_ref idref="oc-58"/>
      </symbol>
      <symbol id="sm-64b">
         <name>__aeabi_uidivmod</name>
         <value>0x1b29</value>
         <object_component_ref idref="oc-2cb"/>
      </symbol>
      <symbol id="sm-64c">
         <name>__aeabi_uidiv</name>
         <value>0x1b29</value>
         <object_component_ref idref="oc-2cb"/>
      </symbol>
      <symbol id="sm-65b">
         <name>__aeabi_memset</name>
         <value>0x109b</value>
         <object_component_ref idref="oc-c3"/>
      </symbol>
      <symbol id="sm-65c">
         <name>memset</name>
         <value>0x10a1</value>
         <object_component_ref idref="oc-c3"/>
      </symbol>
      <symbol id="sm-65d">
         <name>__aeabi_memset8</name>
         <value>0x109b</value>
         <object_component_ref idref="oc-c3"/>
      </symbol>
      <symbol id="sm-65e">
         <name>__aeabi_memset4</name>
         <value>0x109b</value>
         <object_component_ref idref="oc-c3"/>
      </symbol>
      <symbol id="sm-65f">
         <name>__aeabi_memclr8</name>
         <value>0x1099</value>
         <object_component_ref idref="oc-c3"/>
      </symbol>
      <symbol id="sm-660">
         <name>__aeabi_memclr4</name>
         <value>0x1099</value>
         <object_component_ref idref="oc-c3"/>
      </symbol>
      <symbol id="sm-661">
         <name>__aeabi_memclr</name>
         <value>0x1099</value>
         <object_component_ref idref="oc-c3"/>
      </symbol>
      <symbol id="sm-678">
         <name>__TI_zero_init</name>
         <value>0x200f</value>
         <object_component_ref idref="oc-6a"/>
      </symbol>
      <symbol id="sm-68f">
         <name>__TI_decompress_none</name>
         <value>0x2001</value>
         <object_component_ref idref="oc-1b"/>
      </symbol>
      <symbol id="sm-6b2">
         <name>__TI_decompress_lzss</name>
         <value>0x1351</value>
         <object_component_ref idref="oc-15"/>
      </symbol>
      <symbol id="sm-6c5">
         <name>__stack</name>
         <value>0x20007778</value>
         <object_component_ref idref="oc-24"/>
      </symbol>
      <symbol id="sm-6c6">
         <name>_c_int00_noargs</name>
         <value>0x1d11</value>
         <object_component_ref idref="oc-76"/>
      </symbol>
      <symbol id="sm-6d0">
         <name>__aeabi_idiv0</name>
         <value>0x15b3</value>
         <object_component_ref idref="oc-3cd"/>
      </symbol>
      <symbol id="sm-6d1">
         <name>__aeabi_ldiv0</name>
         <value>0x15b3</value>
         <object_component_ref idref="oc-3cd"/>
      </symbol>
      <symbol id="sm-6f9">
         <name>__TI_auto_init_nobinit_nopinit</name>
         <value>0x1a19</value>
         <object_component_ref idref="oc-177"/>
      </symbol>
      <symbol id="sm-703">
         <name>_system_pre_init</name>
         <value>0x204f</value>
         <object_component_ref idref="oc-c9"/>
      </symbol>
      <symbol id="sm-70f">
         <name>C$$EXIT</name>
         <value>0x2053</value>
         <object_component_ref idref="oc-16b"/>
      </symbol>
      <symbol id="sm-710">
         <name>abort</name>
         <value>0x2053</value>
         <object_component_ref idref="oc-16b"/>
      </symbol>
      <symbol id="sm-72a">
         <name>UARTClockSourceSet</name>
         <value>0x2043</value>
         <object_component_ref idref="oc-1ea"/>
      </symbol>
      <symbol id="sm-72d">
         <name>__TI_static_base__</name>
         <value>0x0</value>
      </symbol>
      <symbol id="sm-730">
         <name>__mpu_init</name>
         <value>0x0</value>
      </symbol>
      <symbol id="sm-731">
         <name>_system_post_cinit</name>
         <value>0x0</value>
      </symbol>
   </symbol_table>
   <title>Link successful</title>
</link_info>
