******************************************************************************
                  TI ARM Linker PC v20.2.5                     
******************************************************************************
>> Linked Wed Mar 30 17:00:00 2022

OUTPUT FILE NAME:   <freertos_demo.out>
ENTRY POINT SYMBOL: "_c_int00_noargs"  address: 00001a8d


MEMORY CONFIGURATION

         name            origin    length      used     unused   attr    fill
----------------------  --------  ---------  --------  --------  ----  --------
  FLASH                 00000000   00040000  00001e42  0003e1be  R  X
  SRAM                  20000000   00008000  000079c4  0000063c  RW X


SEGMENT ALLOCATION MAP

run origin  load origin   length   init length attrs members
----------  ----------- ---------- ----------- ----- -------
00000000    00000000    00001e48   00001e48    r-x
  00000000    00000000    0000026c   0000026c    r-- .intvecs
  0000026c    0000026c    00001b82   00001b82    r-x .text
  00001df0    00001df0    0000001c   0000001c    r-- .const
  00001e10    00001e10    00000038   00000038    r-- .cinit
20000000    20000000    000079c4   00000000    rw-
  20000000    20000000    00007778   00000000    rw- .bss
  20007778    20007778    00000200   00000000    rw- .stack
  20007978    20007978    0000004c   00000000    rw- .data


SECTION ALLOCATION MAP

 output                                  attributes/
section   page    origin      length       input sections
--------  ----  ----------  ----------   ----------------
.intvecs   0    00000000    0000026c     
                  00000000    0000026c     startup_ccs.obj (.intvecs)

.text      0    0000026c    00001b82     
                  0000026c    000001ee     uartstdio.obj (.text:UARTvprintf)
                  0000045a    00000002     startup_ccs.obj (.text:FaultISR)
                  0000045c    00000118     queue.obj (.text:xQueueGenericReceive)
                  00000574    00000104     tasks.obj (.text:xTaskIncrementTick)
                  00000678    00000100     freertos_demo.obj (.text:main)
                  00000778    00000100     tasks.obj (.text:xTaskGenericCreate)
                  00000878    000000e8     queue.obj (.text:xQueueGenericSend)
                  00000960    000000e4     tasks.obj (.text:xTaskResumeAll)
                  00000a44    000000d2     portasm.obj (.text)
                  00000b16    00000002     startup_ccs.obj (.text:IntDefaultHandler)
                  00000b18    000000ac     heap_2.obj (.text:pvPortMalloc)
                  00000bc4    000000a4     timers.obj (.text:prvProcessReceivedCommands)
                  00000c68    0000009c     rtsv7M4_T_le_v4SPD16_eabi.lib : memcpy_t2.asm.obj (.text)
                  00000d04    00000090     tasks.obj (.text:vTaskPriorityInherit)
                  00000d94    0000008c     tasks.obj (.text:vTaskSwitchContext)
                  00000e20    00000084     queue.obj (.text:xQueueGenericReset)
                  00000ea4    0000007a     rtsv7M4_T_le_v4SPD16_eabi.lib : memset_t2.asm.obj (.text)
                  00000f1e    00000002     startup_ccs.obj (.text:NmiSR)
                  00000f20    00000078     tasks.obj (.text:xTaskPriorityDisinherit)
                  00000f98    00000074     tasks.obj (.text:xTaskRemoveFromEventList)
                  0000100c    00000072     queue.obj (.text:prvCopyDataToQueue)
                  0000107e    00000002     rtsv7M4_T_le_v4SPD16_eabi.lib : div0.asm.obj (.text)
                  00001080    00000070     timers.obj (.text:prvProcessTimerOrBlockTask)
                  000010f0    00000068     rtsv7M4_T_le_v4SPD16_eabi.lib : copy_decompress_lzss.c.obj (.text:decompress:lzss:__TI_decompress_lzss)
                  00001158    00000068     tasks.obj (.text:vTaskPlaceOnEventListRestricted)
                  000011c0    00000068     tasks.obj (.text:vTaskStartScheduler)
                  00001228    00000064     freertos_demo.obj (.text:ConfigureUART)
                  0000128c    00000064     tasks.obj (.text:vTaskPlaceOnEventList)
                  000012f0    00000062     queue.obj (.text:prvUnlockQueue)
                  00001352    00000002     freertos_demo.obj (.text:vApplicationStackOverflowHook)
                  00001354    00000060     uartstdio.obj (.text:UARTStdioConfig)
                  000013b4    00000060     tasks.obj (.text:prvInitialiseTaskLists)
                  00001414    00000060     timers.obj (.text:prvSwitchTimerLists)
                  00001474    0000005c     timers.obj (.text:prvCheckForValidListAndQueue)
                  000014d0    0000005c     queue.obj (.text:xQueueGenericSendFromISR)
                  0000152c    00000058     tasks.obj (.text:prvCheckTasksWaitingTermination)
                  00001584    00000056     tasks.obj (.text:prvInitialiseTCBVariables)
                  000015da    00000002     --HOLE-- [fill = 0]
                  000015dc    00000054     tasks.obj (.text:xTaskCheckForTimeOut)
                  00001630    0000004e     queue.obj (.text:xQueueCreateMutex)
                  0000167e    00000002     --HOLE-- [fill = 0]
                  00001680    0000004c     tasks.obj (.text:prvAddCurrentTaskToDelayedList)
                  000016cc    00000048     uartstdio.obj (.text:UARTwrite)
                  00001714    00000048     timers.obj (.text:prvProcessExpiredTimer)
                  0000175c    00000044     rtsv7M4_T_le_v4SPD16_eabi.lib : autoinit.c.obj (.text:__TI_auto_init_nobinit_nopinit:__TI_auto_init_nobinit_nopinit)
                  000017a0    00000044     timers.obj (.text:prvInsertTimerInActiveList)
                  000017e4    00000044     heap_2.obj (.text:vPortFree)
                  00001828    00000044     timers.obj (.text:xTimerGenericCommand)
                  0000186c    00000040     rtsv7M4_T_le_v4SPD16_eabi.lib : u_divt2.asm.obj (.text)
                  000018ac    00000040     queue.obj (.text:vQueueWaitForMessageRestricted)
                  000018ec    00000040     port.obj (.text:xPortStartScheduler)
                  0000192c    00000040     timers.obj (.text:xTimerCreateTimerTask)
                  0000196c    0000003c     queue.obj (.text:xQueueGenericCreate)
                  000019a8    0000003a     tasks.obj (.text:prvAllocateTCBAndStack)
                  000019e2    0000003a     timers.obj (.text:xTimerCreate)
                  00001a1c    00000038     freertos_demo.obj (.text:activeTask)
                  00001a54    00000038     list.obj (.text:vListInsert)
                  00001a8c    00000034     rtsv7M4_T_le_v4SPD16_eabi.lib : boot_cortex_m.c.obj (.text:_c_int00_noargs:_c_int00_noargs)
                  00001ac0    00000030     heap_2.obj (.text:prvHeapInit)
                  00001af0    0000002c     port.obj (.text:xPortSysTickHandler)
                  00001b1c    00000028     tasks.obj (.text:prvResetNextTaskUnblockTime)
                  00001b44    00000028     timers.obj (.text:prvSampleTimeNow)
                  00001b6c    00000028     port.obj (.text:pxPortInitialiseStack)
                  00001b94    00000026     queue.obj (.text:prvCopyDataFromQueue)
                  00001bba    00000002     --HOLE-- [fill = 0]
                  00001bbc    00000020     timers.obj (.text:prvGetNextExpireTime)
                  00001bdc    00000020     list.obj (.text:uxListRemove)
                  00001bfc    00000020     queue.obj (.text:vQueueAddToRegistry)
                  00001c1c    00000020     tasks.obj (.text:xTaskGetSchedulerState)
                  00001c3c    0000001c     freertos_demo.obj (.text:myTimerCallback)
                  00001c58    0000001c     queue.obj (.text:prvIsQueueFull)
                  00001c74    0000001c     port.obj (.text:vPortEnterCritical)
                  00001c90    0000001a     uartstdio.obj (.text:UARTprintf)
                  00001caa    0000001a     queue.obj (.text:prvIsQueueEmpty)
                  00001cc4    00000018     tasks.obj (.text:pvTaskIncrementMutexHeldCount)
                  00001cdc    00000018     list.obj (.text:vListInsertEnd)
                  00001cf4    00000018     port.obj (.text:vPortExitCritical)
                  00001d0c    00000018     tasks.obj (.text:vTaskSetTimeOutState)
                  00001d24    00000016     list.obj (.text:vListInitialise)
                  00001d3a    00000014     timers.obj (.text:prvTimerTask)
                  00001d4e    00000002     --HOLE-- [fill = 0]
                  00001d50    00000014     port.obj (.text:vPortSetupTimerInterrupt)
                  00001d64    00000012     tasks.obj (.text:prvDeleteTCB)
                  00001d76    00000010     port.obj (.text:prvTaskExitError)
                  00001d86    00000002     --HOLE-- [fill = 0]
                  00001d88    00000010     tasks.obj (.text:vTaskSuspendAll)
                  00001d98    0000000e     rtsv7M4_T_le_v4SPD16_eabi.lib : copy_decompress_none.c.obj (.text:decompress:none:__TI_decompress_none)
                  00001da6    0000000c                                   : copy_zero_init.c.obj (.text:decompress:ZI:__TI_zero_init)
                  00001db2    00000002     --HOLE-- [fill = 0]
                  00001db4    0000000c     tasks.obj (.text:vTaskMissedYield)
                  00001dc0    0000000c     tasks.obj (.text:xTaskGetTickCount)
                  00001dcc    00000008     tasks.obj (.text:prvIdleTask)
                  00001dd4    00000006     startup_ccs.obj (.text:ResetISR)
                  00001dda    00000006     driverlib.lib : uart.obj (.text:UARTClockSourceSet)
                  00001de0    00000006     list.obj (.text:vListInitialiseItem)
                  00001de6    00000004     rtsv7M4_T_le_v4SPD16_eabi.lib : pre_init.c.obj (.text:_system_pre_init)
                  00001dea    00000004                                   : exit.c.obj (.text:abort:abort)

.const     0    00001df0    0000001c     
                  00001df0    0000000c     uartstdio.obj (.const:g_ui32UARTBase)
                  00001dfc    0000000c     uartstdio.obj (.const:g_ui32UARTPeriph)
                  00001e08    00000004     port.obj (.const)

.cinit     0    00001e10    00000038     
                  00001e10    00000010     (.cinit..data.load) [load image, compression = lzss]
                  00001e20    0000000c     (__TI_handler_table)
                  00001e2c    00000004     --HOLE-- [fill = 0]
                  00001e30    00000008     (.cinit..bss.load) [load image, compression = zero_init]
                  00001e38    00000010     (__TI_cinit_table)

.init_array 
*          0    00000000    00000000     UNINITIALIZED

.bss       0    20000000    00007778     UNINITIALIZED
                  20000000    00007530     heap_2.obj (.bss:ucHeap)
                  20007530    00000140     tasks.obj (.bss:pxReadyTasksLists)
                  20007670    00000050     (.common:xQueueRegistry)
                  200076c0    00000014     timers.obj (.bss:xActiveTimerList1)
                  200076d4    00000014     timers.obj (.bss:xActiveTimerList2)
                  200076e8    00000014     tasks.obj (.bss:xDelayedTaskList1)
                  200076fc    00000014     tasks.obj (.bss:xDelayedTaskList2)
                  20007710    00000014     tasks.obj (.bss:xPendingReadyList)
                  20007724    00000014     tasks.obj (.bss:xSuspendedTaskList)
                  20007738    00000014     tasks.obj (.bss:xTasksWaitingTermination)
                  2000774c    00000008     tasks.obj (.bss)
                  20007754    00000008     timers.obj (.bss)
                  2000775c    00000008     heap_2.obj (.bss:xEnd)
                  20007764    00000008     heap_2.obj (.bss:xStart)
                  2000776c    00000004     (.common:g_pUARTSemaphore)
                  20007770    00000004     (.common:timeStamp)
                  20007774    00000004     (.common:timerHandlerSignalling)

.data      0    20007978    0000004c     UNINITIALIZED
                  20007978    00000030     tasks.obj (.data)
                  200079a8    00000008     heap_2.obj (.data)
                  200079b0    00000008     timers.obj (.data)
                  200079b8    00000005     uartstdio.obj (.data)
                  200079bd    00000001     freertos_demo.obj (.data)
                  200079be    00000002     --HOLE--
                  200079c0    00000004     port.obj (.data)

.stack     0    20007778    00000200     UNINITIALIZED
                  20007778    00000004     rtsv7M4_T_le_v4SPD16_eabi.lib : boot_cortex_m.c.obj (.stack)
                  2000777c    000001fc     --HOLE--

__llvm_prf_cnts 
*          0    20000000    00000000     UNINITIALIZED

MODULE SUMMARY

       Module                       code   ro data   rw data
       ------                       ----   -------   -------
    .\
       startup_ccs.obj              12     620       0      
       freertos_demo.obj            442    0         13     
    +--+----------------------------+------+---------+---------+
       Total:                       454    620       13     
                                                            
    .\third_party\FreeRTOS\Source\
       tasks.obj                    2246   0         476    
       queue.obj                    1274   0         80     
       timers.obj                   886    0         56     
       list.obj                     140    0         0      
    +--+----------------------------+------+---------+---------+
       Total:                       4546   0         612    
                                                            
    .\third_party\FreeRTOS\Source\portable\CCS\ARM_CM4F\
       port.obj                     236    4         4      
       portasm.obj                  210    0         0      
    +--+----------------------------+------+---------+---------+
       Total:                       446    4         4      
                                                            
    .\third_party\FreeRTOS\Source\portable\MemMang\
       heap_2.obj                   288    0         30024  
    +--+----------------------------+------+---------+---------+
       Total:                       288    0         30024  
                                                            
    .\utils\
       uartstdio.obj                688    24        5      
    +--+----------------------------+------+---------+---------+
       Total:                       688    24        5      
                                                            
    C:/ti/TivaWare_C_Series-2.1.4.178/driverlib/ccs/Debug/driverlib.lib
       uart.obj                     6      0         0      
    +--+----------------------------+------+---------+---------+
       Total:                       6      0         0      
                                                            
    C:\ti\ccs1110\ccs\tools\compiler\ti-cgt-arm_20.2.5.LTS\lib\rtsv7M4_T_le_v4SPD16_eabi.lib
       memcpy_t2.asm.obj            156    0         0      
       memset_t2.asm.obj            122    0         0      
       copy_decompress_lzss.c.obj   104    0         0      
       autoinit.c.obj               68     0         0      
       u_divt2.asm.obj              64     0         0      
       boot_cortex_m.c.obj          52     0         0      
       copy_decompress_none.c.obj   14     0         0      
       copy_zero_init.c.obj         12     0         0      
       exit.c.obj                   4      0         0      
       pre_init.c.obj               4      0         0      
       div0.asm.obj                 2      0         0      
    +--+----------------------------+------+---------+---------+
       Total:                       602    0         0      
                                                            
       Stack:                       0      0         512    
       Linker Generated:            0      52        0      
    +--+----------------------------+------+---------+---------+
       Grand Total:                 7030   700       31170  


LINKER GENERATED COPY TABLES

__TI_cinit_table @ 00001e38 records: 2, size/record: 8, table size: 16
	.data: load addr=00001e10, load size=00000010 bytes, run addr=20007978, run size=0000004c bytes, compression=lzss
	.bss: load addr=00001e30, load size=00000008 bytes, run addr=20000000, run size=00007778 bytes, compression=zero_init


LINKER GENERATED HANDLER TABLE

__TI_handler_table @ 00001e20 records: 3, size/record: 4, table size: 12
	index: 0, handler: __TI_decompress_lzss
	index: 1, handler: __TI_decompress_none
	index: 2, handler: __TI_zero_init


GLOBAL SYMBOLS: SORTED ALPHABETICALLY BY Name 

address   name                           
-------   ----                           
00001deb  C$$EXIT                        
00001229  ConfigureUART                  
00001dd5  ResetISR                       
00001ddb  UARTClockSourceSet             
00001355  UARTStdioConfig                
00001c91  UARTprintf                     
0000026d  UARTvprintf                    
000016cd  UARTwrite                      
20007978  __STACK_END                    
00000200  __STACK_SIZE                   
20007978  __STACK_TOP                    
00001e38  __TI_CINIT_Base                
00001e48  __TI_CINIT_Limit               
00001e20  __TI_Handler_Table_Base        
00001e2c  __TI_Handler_Table_Limit       
0000175d  __TI_auto_init_nobinit_nopinit 
000010f1  __TI_decompress_lzss           
00001d99  __TI_decompress_none           
ffffffff  __TI_pprof_out_hndl            
ffffffff  __TI_prof_data_size            
ffffffff  __TI_prof_data_start           
00000000  __TI_static_base__             
00001da7  __TI_zero_init                 
0000107f  __aeabi_idiv0                  
0000107f  __aeabi_ldiv0                  
00000ea5  __aeabi_memclr                 
00000ea5  __aeabi_memclr4                
00000ea5  __aeabi_memclr8                
00000c69  __aeabi_memcpy                 
00000c69  __aeabi_memcpy4                
00000c69  __aeabi_memcpy8                
00000ea7  __aeabi_memset                 
00000ea7  __aeabi_memset4                
00000ea7  __aeabi_memset8                
0000186d  __aeabi_uidiv                  
0000186d  __aeabi_uidivmod               
ffffffff  __binit__                      
ffffffff  __c_args__                     
UNDEFED   __mpu_init                     
20007778  __stack                        
20000000  __start___llvm_prf_cnts        
20000000  __stop___llvm_prf_cnts         
00001a8d  _c_int00_noargs                
UNDEFED   _system_post_cinit             
00001de7  _system_pre_init               
00001deb  abort                          
00001a1d  activeTask                     
ffffffff  binit                          
2000776c  g_pUARTSemaphore               
00000000  g_pfnVectors                   
00000679  main                           
00000c69  memcpy                         
00000ead  memset                         
00001c3d  myTimerCallback                
00000b19  pvPortMalloc                   
00001cc5  pvTaskIncrementMutexHeldCount  
20007978  pxCurrentTCB                   
00001b6d  pxPortInitialiseStack          
200079bd  signalFromTimer                
20007770  timeStamp                      
20007774  timerHandlerSignalling         
00001e08  ulMaxSyscallInterruptPriority  
00000a55  ulPortGetIPSR                  
00001bdd  uxListRemove                   
00001353  vApplicationStackOverflowHook  
00001d25  vListInitialise                
00001de1  vListInitialiseItem            
00001a55  vListInsert                    
00001cdd  vListInsertEnd                 
00000b09  vPortEnableVFP                 
00001c75  vPortEnterCritical             
00001cf5  vPortExitCritical              
000017e5  vPortFree                      
00000acd  vPortSVCHandler                
00001d51  vPortSetupTimerInterrupt       
00000aed  vPortStartFirstTask            
00001bfd  vQueueAddToRegistry            
000018ad  vQueueWaitForMessageRestricted 
00001db5  vTaskMissedYield               
0000128d  vTaskPlaceOnEventList          
00001159  vTaskPlaceOnEventListRestricted
00000d05  vTaskPriorityInherit           
00001d0d  vTaskSetTimeOutState           
000011c1  vTaskStartScheduler            
00001d89  vTaskSuspendAll                
00000d95  vTaskSwitchContext             
00000a6d  xPortPendSVHandler             
000018ed  xPortStartScheduler            
00001af1  xPortSysTickHandler            
00001631  xQueueCreateMutex              
0000196d  xQueueGenericCreate            
0000045d  xQueueGenericReceive           
00000e21  xQueueGenericReset             
00000879  xQueueGenericSend              
000014d1  xQueueGenericSendFromISR       
20007670  xQueueRegistry                 
000015dd  xTaskCheckForTimeOut           
00000779  xTaskGenericCreate             
00001c1d  xTaskGetSchedulerState         
00001dc1  xTaskGetTickCount              
00000575  xTaskIncrementTick             
00000f21  xTaskPriorityDisinherit        
00000f99  xTaskRemoveFromEventList       
00000961  xTaskResumeAll                 
000019e3  xTimerCreate                   
0000192d  xTimerCreateTimerTask          
00001829  xTimerGenericCommand           


GLOBAL SYMBOLS: SORTED BY Symbol Address 

address   name                           
-------   ----                           
00000000  __TI_static_base__             
00000000  g_pfnVectors                   
00000200  __STACK_SIZE                   
0000026d  UARTvprintf                    
0000045d  xQueueGenericReceive           
00000575  xTaskIncrementTick             
00000679  main                           
00000779  xTaskGenericCreate             
00000879  xQueueGenericSend              
00000961  xTaskResumeAll                 
00000a55  ulPortGetIPSR                  
00000a6d  xPortPendSVHandler             
00000acd  vPortSVCHandler                
00000aed  vPortStartFirstTask            
00000b09  vPortEnableVFP                 
00000b19  pvPortMalloc                   
00000c69  __aeabi_memcpy                 
00000c69  __aeabi_memcpy4                
00000c69  __aeabi_memcpy8                
00000c69  memcpy                         
00000d05  vTaskPriorityInherit           
00000d95  vTaskSwitchContext             
00000e21  xQueueGenericReset             
00000ea5  __aeabi_memclr                 
00000ea5  __aeabi_memclr4                
00000ea5  __aeabi_memclr8                
00000ea7  __aeabi_memset                 
00000ea7  __aeabi_memset4                
00000ea7  __aeabi_memset8                
00000ead  memset                         
00000f21  xTaskPriorityDisinherit        
00000f99  xTaskRemoveFromEventList       
0000107f  __aeabi_idiv0                  
0000107f  __aeabi_ldiv0                  
000010f1  __TI_decompress_lzss           
00001159  vTaskPlaceOnEventListRestricted
000011c1  vTaskStartScheduler            
00001229  ConfigureUART                  
0000128d  vTaskPlaceOnEventList          
00001353  vApplicationStackOverflowHook  
00001355  UARTStdioConfig                
000014d1  xQueueGenericSendFromISR       
000015dd  xTaskCheckForTimeOut           
00001631  xQueueCreateMutex              
000016cd  UARTwrite                      
0000175d  __TI_auto_init_nobinit_nopinit 
000017e5  vPortFree                      
00001829  xTimerGenericCommand           
0000186d  __aeabi_uidiv                  
0000186d  __aeabi_uidivmod               
000018ad  vQueueWaitForMessageRestricted 
000018ed  xPortStartScheduler            
0000192d  xTimerCreateTimerTask          
0000196d  xQueueGenericCreate            
000019e3  xTimerCreate                   
00001a1d  activeTask                     
00001a55  vListInsert                    
00001a8d  _c_int00_noargs                
00001af1  xPortSysTickHandler            
00001b6d  pxPortInitialiseStack          
00001bdd  uxListRemove                   
00001bfd  vQueueAddToRegistry            
00001c1d  xTaskGetSchedulerState         
00001c3d  myTimerCallback                
00001c75  vPortEnterCritical             
00001c91  UARTprintf                     
00001cc5  pvTaskIncrementMutexHeldCount  
00001cdd  vListInsertEnd                 
00001cf5  vPortExitCritical              
00001d0d  vTaskSetTimeOutState           
00001d25  vListInitialise                
00001d51  vPortSetupTimerInterrupt       
00001d89  vTaskSuspendAll                
00001d99  __TI_decompress_none           
00001da7  __TI_zero_init                 
00001db5  vTaskMissedYield               
00001dc1  xTaskGetTickCount              
00001dd5  ResetISR                       
00001ddb  UARTClockSourceSet             
00001de1  vListInitialiseItem            
00001de7  _system_pre_init               
00001deb  C$$EXIT                        
00001deb  abort                          
00001e08  ulMaxSyscallInterruptPriority  
00001e20  __TI_Handler_Table_Base        
00001e2c  __TI_Handler_Table_Limit       
00001e38  __TI_CINIT_Base                
00001e48  __TI_CINIT_Limit               
20000000  __start___llvm_prf_cnts        
20000000  __stop___llvm_prf_cnts         
20007670  xQueueRegistry                 
2000776c  g_pUARTSemaphore               
20007770  timeStamp                      
20007774  timerHandlerSignalling         
20007778  __stack                        
20007978  __STACK_END                    
20007978  __STACK_TOP                    
20007978  pxCurrentTCB                   
200079bd  signalFromTimer                
ffffffff  __TI_pprof_out_hndl            
ffffffff  __TI_prof_data_size            
ffffffff  __TI_prof_data_start           
ffffffff  __binit__                      
ffffffff  __c_args__                     
ffffffff  binit                          
UNDEFED   __mpu_init                     
UNDEFED   _system_post_cinit             

[107 symbols]
