******************************************************************************
                  TI ARM Linker PC v20.2.5                     
******************************************************************************
>> Linked Wed Mar 30 16:47:32 2022

OUTPUT FILE NAME:   <freertos_demo_Homework.out>
ENTRY POINT SYMBOL: "_c_int00_noargs"  address: 00001e29


MEMORY CONFIGURATION

         name            origin    length      used     unused   attr    fill
----------------------  --------  ---------  --------  --------  ----  --------
  FLASH                 00000000   00040000  000021da  0003de26  R  X
  SRAM                  20000000   00008000  00007a0c  000005f4  RW X


SEGMENT ALLOCATION MAP

run origin  load origin   length   init length attrs members
----------  ----------- ---------- ----------- ----- -------
00000000    00000000    000021e0   000021e0    r-x
  00000000    00000000    0000026c   0000026c    r-- .intvecs
  0000026c    0000026c    00001f02   00001f02    r-x .text
  00002170    00002170    0000001c   0000001c    r-- .const
  00002190    00002190    00000050   00000050    r-- .cinit
20000000    20000000    00007a0c   00000000    rw-
  20000000    20000000    00007790   00000000    rw- .bss
  20007790    20007790    00000200   00000000    rw- .stack
  20007990    20007990    0000007c   00000000    rw- .data


SECTION ALLOCATION MAP

 output                                  attributes/
section   page    origin      length       input sections
--------  ----  ----------  ----------   ----------------
.intvecs   0    00000000    0000026c     
                  00000000    0000026c     startup_ccs.obj (.intvecs)

.text      0    0000026c    00001f02     
                  0000026c    000001ee     uartstdio.obj (.text:UARTvprintf)
                  0000045a    00000002     startup_ccs.obj (.text:FaultISR)
                  0000045c    000001d0     freertos_demo.obj (.text:main)
                  0000062c    00000118     queue.obj (.text:xQueueGenericReceive)
                  00000744    00000104     tasks.obj (.text:xTaskIncrementTick)
                  00000848    00000100     tasks.obj (.text:xTaskGenericCreate)
                  00000948    000000e8     queue.obj (.text:xQueueGenericSend)
                  00000a30    000000e4     tasks.obj (.text:xTaskResumeAll)
                  00000b14    000000dc     freertos_demo.obj (.text:myTimerCallback)
                  00000bf0    000000d2     portasm.obj (.text)
                  00000cc2    00000002     startup_ccs.obj (.text:IntDefaultHandler)
                  00000cc4    000000ac     heap_2.obj (.text:pvPortMalloc)
                  00000d70    000000a4     timers.obj (.text:prvProcessReceivedCommands)
                  00000e14    0000009c     rtsv7M4_T_le_v4SPD16_eabi.lib : memcpy_t2.asm.obj (.text)
                  00000eb0    00000090     tasks.obj (.text:vTaskPriorityInherit)
                  00000f40    0000008c     freertos_demo.obj (.text:task1Problem3)
                  00000fcc    0000008c     freertos_demo.obj (.text:task2Problem3)
                  00001058    0000008c     tasks.obj (.text:vTaskSwitchContext)
                  000010e4    00000084     queue.obj (.text:xQueueGenericReset)
                  00001168    0000007a     rtsv7M4_T_le_v4SPD16_eabi.lib : memset_t2.asm.obj (.text)
                  000011e2    00000002     startup_ccs.obj (.text:NmiSR)
                  000011e4    00000078     tasks.obj (.text:xTaskPriorityDisinherit)
                  0000125c    00000074     tasks.obj (.text:xTaskRemoveFromEventList)
                  000012d0    00000072     queue.obj (.text:prvCopyDataToQueue)
                  00001342    00000002     rtsv7M4_T_le_v4SPD16_eabi.lib : div0.asm.obj (.text)
                  00001344    00000070     timers.obj (.text:prvProcessTimerOrBlockTask)
                  000013b4    0000006c     freertos_demo.obj (.text:FIB_TEST)
                  00001420    00000068     rtsv7M4_T_le_v4SPD16_eabi.lib : copy_decompress_lzss.c.obj (.text:decompress:lzss:__TI_decompress_lzss)
                  00001488    00000068     tasks.obj (.text:vTaskPlaceOnEventListRestricted)
                  000014f0    00000068     tasks.obj (.text:vTaskStartScheduler)
                  00001558    00000064     freertos_demo.obj (.text:ConfigureUART)
                  000015bc    00000064     tasks.obj (.text:vTaskPlaceOnEventList)
                  00001620    00000062     queue.obj (.text:prvUnlockQueue)
                  00001682    00000002     freertos_demo.obj (.text:vApplicationStackOverflowHook)
                  00001684    00000060     uartstdio.obj (.text:UARTStdioConfig)
                  000016e4    00000060     tasks.obj (.text:prvInitialiseTaskLists)
                  00001744    00000060     timers.obj (.text:prvSwitchTimerLists)
                  000017a4    0000005c     timers.obj (.text:prvCheckForValidListAndQueue)
                  00001800    0000005c     tasks.obj (.text:vTaskDelay)
                  0000185c    0000005c     queue.obj (.text:xQueueGenericSendFromISR)
                  000018b8    00000058     tasks.obj (.text:prvCheckTasksWaitingTermination)
                  00001910    00000056     tasks.obj (.text:prvInitialiseTCBVariables)
                  00001966    00000002     --HOLE-- [fill = 0]
                  00001968    00000054     tasks.obj (.text:xTaskCheckForTimeOut)
                  000019bc    0000004e     queue.obj (.text:xQueueCreateMutex)
                  00001a0a    00000002     --HOLE-- [fill = 0]
                  00001a0c    0000004c     tasks.obj (.text:prvAddCurrentTaskToDelayedList)
                  00001a58    00000048     freertos_demo.obj (.text:TimerStart)
                  00001aa0    00000048     uartstdio.obj (.text:UARTwrite)
                  00001ae8    00000048     timers.obj (.text:prvProcessExpiredTimer)
                  00001b30    00000044     rtsv7M4_T_le_v4SPD16_eabi.lib : autoinit.c.obj (.text:__TI_auto_init_nobinit_nopinit:__TI_auto_init_nobinit_nopinit)
                  00001b74    00000044     timers.obj (.text:prvInsertTimerInActiveList)
                  00001bb8    00000044     heap_2.obj (.text:vPortFree)
                  00001bfc    00000044     timers.obj (.text:xTimerGenericCommand)
                  00001c40    00000040     rtsv7M4_T_le_v4SPD16_eabi.lib : u_divt2.asm.obj (.text)
                  00001c80    00000040     queue.obj (.text:vQueueWaitForMessageRestricted)
                  00001cc0    00000040     port.obj (.text:xPortStartScheduler)
                  00001d00    00000040     timers.obj (.text:xTimerCreateTimerTask)
                  00001d40    0000003c     queue.obj (.text:xQueueGenericCreate)
                  00001d7c    0000003a     tasks.obj (.text:prvAllocateTCBAndStack)
                  00001db6    0000003a     timers.obj (.text:xTimerCreate)
                  00001df0    00000038     list.obj (.text:vListInsert)
                  00001e28    00000034     rtsv7M4_T_le_v4SPD16_eabi.lib : boot_cortex_m.c.obj (.text:_c_int00_noargs:_c_int00_noargs)
                  00001e5c    00000030     heap_2.obj (.text:prvHeapInit)
                  00001e8c    0000002c     port.obj (.text:xPortSysTickHandler)
                  00001eb8    00000028     tasks.obj (.text:prvResetNextTaskUnblockTime)
                  00001ee0    00000028     timers.obj (.text:prvSampleTimeNow)
                  00001f08    00000028     port.obj (.text:pxPortInitialiseStack)
                  00001f30    00000026     queue.obj (.text:prvCopyDataFromQueue)
                  00001f56    00000002     --HOLE-- [fill = 0]
                  00001f58    00000020     timers.obj (.text:prvGetNextExpireTime)
                  00001f78    00000020     list.obj (.text:uxListRemove)
                  00001f98    00000020     queue.obj (.text:vQueueAddToRegistry)
                  00001fb8    00000020     tasks.obj (.text:xTaskGetSchedulerState)
                  00001fd8    0000001c     queue.obj (.text:prvIsQueueFull)
                  00001ff4    0000001c     port.obj (.text:vPortEnterCritical)
                  00002010    0000001a     uartstdio.obj (.text:UARTprintf)
                  0000202a    0000001a     queue.obj (.text:prvIsQueueEmpty)
                  00002044    00000018     tasks.obj (.text:pvTaskIncrementMutexHeldCount)
                  0000205c    00000018     list.obj (.text:vListInsertEnd)
                  00002074    00000018     port.obj (.text:vPortExitCritical)
                  0000208c    00000018     tasks.obj (.text:vTaskSetTimeOutState)
                  000020a4    00000016     list.obj (.text:vListInitialise)
                  000020ba    00000014     timers.obj (.text:prvTimerTask)
                  000020ce    00000002     --HOLE-- [fill = 0]
                  000020d0    00000014     port.obj (.text:vPortSetupTimerInterrupt)
                  000020e4    00000012     tasks.obj (.text:prvDeleteTCB)
                  000020f6    00000010     port.obj (.text:prvTaskExitError)
                  00002106    00000002     --HOLE-- [fill = 0]
                  00002108    00000010     tasks.obj (.text:vTaskSuspendAll)
                  00002118    0000000e     rtsv7M4_T_le_v4SPD16_eabi.lib : copy_decompress_none.c.obj (.text:decompress:none:__TI_decompress_none)
                  00002126    0000000c                                   : copy_zero_init.c.obj (.text:decompress:ZI:__TI_zero_init)
                  00002132    00000002     --HOLE-- [fill = 0]
                  00002134    0000000c     tasks.obj (.text:vTaskMissedYield)
                  00002140    0000000c     tasks.obj (.text:xTaskGetTickCount)
                  0000214c    00000008     tasks.obj (.text:prvIdleTask)
                  00002154    00000006     startup_ccs.obj (.text:ResetISR)
                  0000215a    00000006     driverlib.lib : uart.obj (.text:UARTClockSourceSet)
                  00002160    00000006     list.obj (.text:vListInitialiseItem)
                  00002166    00000004     rtsv7M4_T_le_v4SPD16_eabi.lib : pre_init.c.obj (.text:_system_pre_init)
                  0000216a    00000004                                   : exit.c.obj (.text:abort:abort)

.const     0    00002170    0000001c     
                  00002170    0000000c     uartstdio.obj (.const:g_ui32UARTBase)
                  0000217c    0000000c     uartstdio.obj (.const:g_ui32UARTPeriph)
                  00002188    00000004     port.obj (.const)

.cinit     0    00002190    00000050     
                  00002190    00000026     (.cinit..data.load) [load image, compression = lzss]
                  000021b6    00000002     --HOLE-- [fill = 0]
                  000021b8    0000000c     (__TI_handler_table)
                  000021c4    00000004     --HOLE-- [fill = 0]
                  000021c8    00000008     (.cinit..bss.load) [load image, compression = zero_init]
                  000021d0    00000010     (__TI_cinit_table)

.init_array 
*          0    00000000    00000000     UNINITIALIZED

.bss       0    20000000    00007790     UNINITIALIZED
                  20000000    00007530     heap_2.obj (.bss:ucHeap)
                  20007530    00000140     tasks.obj (.bss:pxReadyTasksLists)
                  20007670    00000050     (.common:xQueueRegistry)
                  200076c0    00000014     timers.obj (.bss:xActiveTimerList1)
                  200076d4    00000014     timers.obj (.bss:xActiveTimerList2)
                  200076e8    00000014     tasks.obj (.bss:xDelayedTaskList1)
                  200076fc    00000014     tasks.obj (.bss:xDelayedTaskList2)
                  20007710    00000014     tasks.obj (.bss:xPendingReadyList)
                  20007724    00000014     tasks.obj (.bss:xSuspendedTaskList)
                  20007738    00000014     tasks.obj (.bss:xTasksWaitingTermination)
                  2000774c    00000008     freertos_demo.obj (.bss)
                  20007754    00000008     tasks.obj (.bss)
                  2000775c    00000008     timers.obj (.bss)
                  20007764    00000008     heap_2.obj (.bss:xEnd)
                  2000776c    00000008     heap_2.obj (.bss:xStart)
                  20007774    00000004     (.common:end_time)
                  20007778    00000004     (.common:end_time1)
                  2000777c    00000004     (.common:g_pUARTSemaphore)
                  20007780    00000004     (.common:start_time)
                  20007784    00000004     (.common:start_time1)
                  20007788    00000004     (.common:xSemaphoreMutex)
                  2000778c    00000004     (.common:xSemaphoreMutex2)

.data      0    20007990    0000007c     UNINITIALIZED
                  20007990    00000030     freertos_demo.obj (.data)
                  200079c0    00000030     tasks.obj (.data)
                  200079f0    00000008     heap_2.obj (.data)
                  200079f8    00000008     timers.obj (.data)
                  20007a00    00000005     uartstdio.obj (.data)
                  20007a05    00000003     --HOLE--
                  20007a08    00000004     port.obj (.data)

.stack     0    20007790    00000200     UNINITIALIZED
                  20007790    00000004     rtsv7M4_T_le_v4SPD16_eabi.lib : boot_cortex_m.c.obj (.stack)
                  20007794    000001fc     --HOLE--

__llvm_prf_cnts 
*          0    20000000    00000000     UNINITIALIZED

MODULE SUMMARY

       Module                       code   ro data   rw data
       ------                       ----   -------   -------
    .\
       freertos_demo.obj            1246   0         84     
       startup_ccs.obj              12     620       0      
    +--+----------------------------+------+---------+---------+
       Total:                       1258   620       84     
                                                            
    .\third_party\FreeRTOS\Source\
       tasks.obj                    2338   0         476    
       queue.obj                    1274   0         80     
       timers.obj                   886    0         56     
       list.obj                     140    0         0      
    +--+----------------------------+------+---------+---------+
       Total:                       4638   0         612    
                                                            
    .\third_party\FreeRTOS\Source\portable\CCS\ARM_CM4F\
       port.obj                     236    4         4      
       portasm.obj                  210    0         0      
    +--+----------------------------+------+---------+---------+
       Total:                       446    4         4      
                                                            
    .\third_party\FreeRTOS\Source\portable\MemMang\
       heap_2.obj                   288    0         30024  
    +--+----------------------------+------+---------+---------+
       Total:                       288    0         30024  
                                                            
    .\utils\
       uartstdio.obj                688    24        5      
    +--+----------------------------+------+---------+---------+
       Total:                       688    24        5      
                                                            
    C:/ti/TivaWare_C_Series-2.1.4.178/driverlib/ccs/Debug/driverlib.lib
       uart.obj                     6      0         0      
    +--+----------------------------+------+---------+---------+
       Total:                       6      0         0      
                                                            
    C:\ti\ccs1110\ccs\tools\compiler\ti-cgt-arm_20.2.5.LTS\lib\rtsv7M4_T_le_v4SPD16_eabi.lib
       memcpy_t2.asm.obj            156    0         0      
       memset_t2.asm.obj            122    0         0      
       copy_decompress_lzss.c.obj   104    0         0      
       autoinit.c.obj               68     0         0      
       u_divt2.asm.obj              64     0         0      
       boot_cortex_m.c.obj          52     0         0      
       copy_decompress_none.c.obj   14     0         0      
       copy_zero_init.c.obj         12     0         0      
       exit.c.obj                   4      0         0      
       pre_init.c.obj               4      0         0      
       div0.asm.obj                 2      0         0      
    +--+----------------------------+------+---------+---------+
       Total:                       602    0         0      
                                                            
       Stack:                       0      0         512    
       Linker Generated:            0      74        0      
    +--+----------------------------+------+---------+---------+
       Grand Total:                 7926   722       31241  


LINKER GENERATED COPY TABLES

__TI_cinit_table @ 000021d0 records: 2, size/record: 8, table size: 16
	.data: load addr=00002190, load size=00000026 bytes, run addr=20007990, run size=0000007c bytes, compression=lzss
	.bss: load addr=000021c8, load size=00000008 bytes, run addr=20000000, run size=00007790 bytes, compression=zero_init


LINKER GENERATED HANDLER TABLE

__TI_handler_table @ 000021b8 records: 3, size/record: 4, table size: 12
	index: 0, handler: __TI_decompress_lzss
	index: 1, handler: __TI_decompress_none
	index: 2, handler: __TI_zero_init


GLOBAL SYMBOLS: SORTED ALPHABETICALLY BY Name 

address   name                           
-------   ----                           
0000216b  C$$EXIT                        
00001559  ConfigureUART                  
000013b5  FIB_TEST                       
00002155  ResetISR                       
00001a59  TimerStart                     
0000215b  UARTClockSourceSet             
00001685  UARTStdioConfig                
00002011  UARTprintf                     
0000026d  UARTvprintf                    
00001aa1  UARTwrite                      
20007990  __STACK_END                    
00000200  __STACK_SIZE                   
20007990  __STACK_TOP                    
000021d0  __TI_CINIT_Base                
000021e0  __TI_CINIT_Limit               
000021b8  __TI_Handler_Table_Base        
000021c4  __TI_Handler_Table_Limit       
00001b31  __TI_auto_init_nobinit_nopinit 
00001421  __TI_decompress_lzss           
00002119  __TI_decompress_none           
ffffffff  __TI_pprof_out_hndl            
ffffffff  __TI_prof_data_size            
ffffffff  __TI_prof_data_start           
00000000  __TI_static_base__             
00002127  __TI_zero_init                 
00001343  __aeabi_idiv0                  
00001343  __aeabi_ldiv0                  
00001169  __aeabi_memclr                 
00001169  __aeabi_memclr4                
00001169  __aeabi_memclr8                
00000e15  __aeabi_memcpy                 
00000e15  __aeabi_memcpy4                
00000e15  __aeabi_memcpy8                
0000116b  __aeabi_memset                 
0000116b  __aeabi_memset4                
0000116b  __aeabi_memset8                
00001c41  __aeabi_uidiv                  
00001c41  __aeabi_uidivmod               
ffffffff  __binit__                      
ffffffff  __c_args__                     
UNDEFED   __mpu_init                     
20007790  __stack                        
20000000  __start___llvm_prf_cnts        
20000000  __stop___llvm_prf_cnts         
00001e29  _c_int00_noargs                
UNDEFED   _system_post_cinit             
00002167  _system_pre_init               
0000216b  abort                          
ffffffff  binit                          
20007774  end_time                       
20007778  end_time1                      
200079b0  fib                            
200079b4  fib0                           
200079b8  fib1                           
2000777c  g_pUARTSemaphore               
00000000  g_pfnVectors                   
200079a0  idx                            
200079a4  jdx                            
0000045d  main                           
00000e15  memcpy                         
00001171  memset                         
00000b15  myTimerCallback                
00000cc5  pvPortMalloc                   
00002045  pvTaskIncrementMutexHeldCount  
200079c0  pxCurrentTCB                   
00001f09  pxPortInitialiseStack          
200079ac  reqIterations                  
200079a8  seqIterations                  
20007780  start_time                     
20007784  start_time1                    
200079bc  syncVariableFromTask1toTask2   
00002188  ulMaxSyscallInterruptPriority  
00000c01  ulPortGetIPSR                  
00001f79  uxListRemove                   
00001683  vApplicationStackOverflowHook  
000020a5  vListInitialise                
00002161  vListInitialiseItem            
00001df1  vListInsert                    
0000205d  vListInsertEnd                 
00000cb5  vPortEnableVFP                 
00001ff5  vPortEnterCritical             
00002075  vPortExitCritical              
00001bb9  vPortFree                      
00000c79  vPortSVCHandler                
000020d1  vPortSetupTimerInterrupt       
00000c99  vPortStartFirstTask            
00001f99  vQueueAddToRegistry            
00001c81  vQueueWaitForMessageRestricted 
00001801  vTaskDelay                     
00002135  vTaskMissedYield               
000015bd  vTaskPlaceOnEventList          
00001489  vTaskPlaceOnEventListRestricted
00000eb1  vTaskPriorityInherit           
0000208d  vTaskSetTimeOutState           
000014f1  vTaskStartScheduler            
00002109  vTaskSuspendAll                
00001059  vTaskSwitchContext             
00000c19  xPortPendSVHandler             
00001cc1  xPortStartScheduler            
00001e8d  xPortSysTickHandler            
000019bd  xQueueCreateMutex              
00001d41  xQueueGenericCreate            
0000062d  xQueueGenericReceive           
000010e5  xQueueGenericReset             
00000949  xQueueGenericSend              
0000185d  xQueueGenericSendFromISR       
20007670  xQueueRegistry                 
20007788  xSemaphoreMutex                
2000778c  xSemaphoreMutex2               
00001969  xTaskCheckForTimeOut           
00000849  xTaskGenericCreate             
00001fb9  xTaskGetSchedulerState         
00002141  xTaskGetTickCount              
00000745  xTaskIncrementTick             
000011e5  xTaskPriorityDisinherit        
0000125d  xTaskRemoveFromEventList       
00000a31  xTaskResumeAll                 
00001db7  xTimerCreate                   
00001d01  xTimerCreateTimerTask          
00001bfd  xTimerGenericCommand           


GLOBAL SYMBOLS: SORTED BY Symbol Address 

address   name                           
-------   ----                           
00000000  __TI_static_base__             
00000000  g_pfnVectors                   
00000200  __STACK_SIZE                   
0000026d  UARTvprintf                    
0000045d  main                           
0000062d  xQueueGenericReceive           
00000745  xTaskIncrementTick             
00000849  xTaskGenericCreate             
00000949  xQueueGenericSend              
00000a31  xTaskResumeAll                 
00000b15  myTimerCallback                
00000c01  ulPortGetIPSR                  
00000c19  xPortPendSVHandler             
00000c79  vPortSVCHandler                
00000c99  vPortStartFirstTask            
00000cb5  vPortEnableVFP                 
00000cc5  pvPortMalloc                   
00000e15  __aeabi_memcpy                 
00000e15  __aeabi_memcpy4                
00000e15  __aeabi_memcpy8                
00000e15  memcpy                         
00000eb1  vTaskPriorityInherit           
00001059  vTaskSwitchContext             
000010e5  xQueueGenericReset             
00001169  __aeabi_memclr                 
00001169  __aeabi_memclr4                
00001169  __aeabi_memclr8                
0000116b  __aeabi_memset                 
0000116b  __aeabi_memset4                
0000116b  __aeabi_memset8                
00001171  memset                         
000011e5  xTaskPriorityDisinherit        
0000125d  xTaskRemoveFromEventList       
00001343  __aeabi_idiv0                  
00001343  __aeabi_ldiv0                  
000013b5  FIB_TEST                       
00001421  __TI_decompress_lzss           
00001489  vTaskPlaceOnEventListRestricted
000014f1  vTaskStartScheduler            
00001559  ConfigureUART                  
000015bd  vTaskPlaceOnEventList          
00001683  vApplicationStackOverflowHook  
00001685  UARTStdioConfig                
00001801  vTaskDelay                     
0000185d  xQueueGenericSendFromISR       
00001969  xTaskCheckForTimeOut           
000019bd  xQueueCreateMutex              
00001a59  TimerStart                     
00001aa1  UARTwrite                      
00001b31  __TI_auto_init_nobinit_nopinit 
00001bb9  vPortFree                      
00001bfd  xTimerGenericCommand           
00001c41  __aeabi_uidiv                  
00001c41  __aeabi_uidivmod               
00001c81  vQueueWaitForMessageRestricted 
00001cc1  xPortStartScheduler            
00001d01  xTimerCreateTimerTask          
00001d41  xQueueGenericCreate            
00001db7  xTimerCreate                   
00001df1  vListInsert                    
00001e29  _c_int00_noargs                
00001e8d  xPortSysTickHandler            
00001f09  pxPortInitialiseStack          
00001f79  uxListRemove                   
00001f99  vQueueAddToRegistry            
00001fb9  xTaskGetSchedulerState         
00001ff5  vPortEnterCritical             
00002011  UARTprintf                     
00002045  pvTaskIncrementMutexHeldCount  
0000205d  vListInsertEnd                 
00002075  vPortExitCritical              
0000208d  vTaskSetTimeOutState           
000020a5  vListInitialise                
000020d1  vPortSetupTimerInterrupt       
00002109  vTaskSuspendAll                
00002119  __TI_decompress_none           
00002127  __TI_zero_init                 
00002135  vTaskMissedYield               
00002141  xTaskGetTickCount              
00002155  ResetISR                       
0000215b  UARTClockSourceSet             
00002161  vListInitialiseItem            
00002167  _system_pre_init               
0000216b  C$$EXIT                        
0000216b  abort                          
00002188  ulMaxSyscallInterruptPriority  
000021b8  __TI_Handler_Table_Base        
000021c4  __TI_Handler_Table_Limit       
000021d0  __TI_CINIT_Base                
000021e0  __TI_CINIT_Limit               
20000000  __start___llvm_prf_cnts        
20000000  __stop___llvm_prf_cnts         
20007670  xQueueRegistry                 
20007774  end_time                       
20007778  end_time1                      
2000777c  g_pUARTSemaphore               
20007780  start_time                     
20007784  start_time1                    
20007788  xSemaphoreMutex                
2000778c  xSemaphoreMutex2               
20007790  __stack                        
20007990  __STACK_END                    
20007990  __STACK_TOP                    
200079a0  idx                            
200079a4  jdx                            
200079a8  seqIterations                  
200079ac  reqIterations                  
200079b0  fib                            
200079b4  fib0                           
200079b8  fib1                           
200079bc  syncVariableFromTask1toTask2   
200079c0  pxCurrentTCB                   
ffffffff  __TI_pprof_out_hndl            
ffffffff  __TI_prof_data_size            
ffffffff  __TI_prof_data_start           
ffffffff  __binit__                      
ffffffff  __c_args__                     
ffffffff  binit                          
UNDEFED   __mpu_init                     
UNDEFED   _system_post_cinit             

[120 symbols]
